{"timestamp":"2026-06-01T19:29:36.798710Z","level":"info","event":"DAG bundles loaded: dags-folder","logger":"airflow.dag_processing.bundles.manager.DagBundlesManager","filename":"manager.py","lineno":209}
{"timestamp":"2026-06-01T19:29:36.803131Z","level":"info","event":"Filling up the DagBag from /opt/airflow/dags/init_report_data_dag.py","logger":"airflow.dag_processing.dagbag.BundleDagBag","filename":"dagbag.py","lineno":469}
{"timestamp":"2026-06-01T19:29:37.255711Z","level":"warning","event":"The `airflow.operators.python.PythonOperator` attribute is deprecated. Please use `'airflow.providers.standard.operators.python.PythonOperator'`.","category":"UserWarning","filename":"/opt/airflow/dags/init_report_data_dag.py","lineno":2,"logger":"py.warnings"}
{"timestamp":"2026-06-01T19:29:37.255910Z","level":"warning","event":"The `airflow.operators.bash.BashOperator` attribute is deprecated. Please use `'airflow.providers.standard.operators.bash.BashOperator'`.","category":"UserWarning","filename":"/opt/airflow/dags/init_report_data_dag.py","lineno":3,"logger":"py.warnings"}
{"timestamp":"2026-06-01T19:29:37.310282Z","level":"info","event":"Lấy tên bài báo + link dẫn tới bài báo................................","logger":"task.stdout"}
{"timestamp":"2026-06-01T19:29:37.311228Z","level":"info","event":"Crawling Page: 1 ...........................","logger":"task.stdout"}
{"timestamp":"2026-06-01T19:29:37.591283Z","level":"warning","event":"Unverified HTTPS request is being made to host 'www.nso.gov.vn'. Adding certificate verification is strongly advised. See: https://urllib3.readthedocs.io/en/latest/advanced-usage.html#tls-warnings","category":"InsecureRequestWarning","filename":"/home/airflow/.local/lib/python3.13/site-packages/urllib3/connectionpool.py","lineno":1097,"logger":"py.warnings"}
{"timestamp":"2026-06-01T19:29:38.583417Z","level":"info","event":"Crawling Page: 2 ...........................","logger":"task.stdout"}
{"timestamp":"2026-06-01T19:29:38.671435Z","level":"warning","event":"Unverified HTTPS request is being made to host 'www.nso.gov.vn'. Adding certificate verification is strongly advised. See: https://urllib3.readthedocs.io/en/latest/advanced-usage.html#tls-warnings","category":"InsecureRequestWarning","filename":"/home/airflow/.local/lib/python3.13/site-packages/urllib3/connectionpool.py","lineno":1097,"logger":"py.warnings"}
{"timestamp":"2026-06-01T19:29:39.591493Z","level":"info","event":"vào bài báo tải file excel về ===========================================","logger":"task.stdout"}
{"timestamp":"2026-06-01T19:29:39.594925Z","level":"info","event":"báo cáo tình hình kinh tế - xã hội tháng tư và 4 tháng đầu năm 2026","logger":"task.stdout"}
{"timestamp":"2026-06-01T19:29:39.685519Z","level":"warning","event":"Unverified HTTPS request is being made to host 'www.nso.gov.vn'. Adding certificate verification is strongly advised. See: https://urllib3.readthedocs.io/en/latest/advanced-usage.html#tls-warnings","category":"InsecureRequestWarning","filename":"/home/airflow/.local/lib/python3.13/site-packages/urllib3/connectionpool.py","lineno":1097,"logger":"py.warnings"}
{"timestamp":"2026-06-01T19:29:40.587883Z","level":"info","event":"tmp title:  báo cáo tình hình kinh tế - xã hội tháng tư và 4 tháng đầu","logger":"task.stdout"}
{"timestamp":"2026-06-01T19:29:40.588565Z","level":"info","event":"2026 4","logger":"task.stdout"}
{"timestamp":"2026-06-01T19:29:40.616038Z","level":"info","event":"Bucket 'bronze' created successfully","logger":"task.stdout"}
{"timestamp":"2026-06-01T19:29:40.698455Z","level":"warning","event":"Unverified HTTPS request is being made to host 'www.nso.gov.vn'. Adding certificate verification is strongly advised. See: https://urllib3.readthedocs.io/en/latest/advanced-usage.html#tls-warnings","category":"InsecureRequestWarning","filename":"/home/airflow/.local/lib/python3.13/site-packages/urllib3/connectionpool.py","lineno":1097,"logger":"py.warnings"}
{"timestamp":"2026-06-01T19:29:40.858334Z","level":"info","event":"Tạo file 02-Bieu-T4.2026.xlsx thành công","logger":"task.stdout"}
{"timestamp":"2026-06-01T19:29:40.858933Z","level":"info","event":"economic_report_excel_files/2026/4/02-Bieu-T4.2026.xlsx","logger":"task.stdout"}
{"timestamp":"2026-06-01T19:29:40.859209Z","level":"info","event":" bronze","logger":"task.stdout"}
{"timestamp":"2026-06-01T19:29:40.859469Z","level":"info","event":" /opt/airflow/tmp_data/02-Bieu-T4.2026.xlsx","logger":"task.stdout"}
{"timestamp":"2026-06-01T19:29:40.876917Z","level":"info","event":"SUCCESSFULLY LOAD DATA TO BRONZE LAYER !!!!!!!!!!!111","logger":"task.stdout"}
{"timestamp":"2026-06-01T19:29:40.877722Z","level":"info","event":"Xóa file tạm thành công","logger":"task.stdout"}
{"timestamp":"2026-06-01T19:29:40.878211Z","level":"info","event":"Đã hoàn tất tải file báo cáo lên bronze layer !!!!","logger":"task.stdout"}
{"timestamp":"2026-06-01T19:29:40.878680Z","level":"info","event":"báo cáo tình hình kinh tế - xã hội quý i năm 2026","logger":"task.stdout"}
{"timestamp":"2026-06-01T19:29:40.960353Z","level":"warning","event":"Unverified HTTPS request is being made to host 'www.nso.gov.vn'. Adding certificate verification is strongly advised. See: https://urllib3.readthedocs.io/en/latest/advanced-usage.html#tls-warnings","category":"InsecureRequestWarning","filename":"/home/airflow/.local/lib/python3.13/site-packages/urllib3/connectionpool.py","lineno":1097,"logger":"py.warnings"}
{"timestamp":"2026-06-01T19:29:41.938212Z","level":"info","event":"2026 3","logger":"task.stdout"}
{"timestamp":"2026-06-01T19:29:41.948151Z","level":"info","event":"Bucket 'bronze' already exists","logger":"task.stdout"}
{"timestamp":"2026-06-01T19:29:43.150158Z","level":"warning","event":"Unverified HTTPS request is being made to host 'www.nso.gov.vn'. Adding certificate verification is strongly advised. See: https://urllib3.readthedocs.io/en/latest/advanced-usage.html#tls-warnings","category":"InsecureRequestWarning","filename":"/home/airflow/.local/lib/python3.13/site-packages/urllib3/connectionpool.py","lineno":1097,"logger":"py.warnings"}
{"timestamp":"2026-06-01T19:29:43.308481Z","level":"info","event":"Tạo file 02.-Bieu-T3.2026-2.xlsx thành công","logger":"task.stdout"}
{"timestamp":"2026-06-01T19:29:43.308962Z","level":"info","event":"economic_report_excel_files/2026/3/02.-Bieu-T3.2026-2.xlsx","logger":"task.stdout"}
{"timestamp":"2026-06-01T19:29:43.309273Z","level":"info","event":" bronze","logger":"task.stdout"}
{"timestamp":"2026-06-01T19:29:43.309681Z","level":"info","event":" /opt/airflow/tmp_data/02.-Bieu-T3.2026-2.xlsx","logger":"task.stdout"}
{"timestamp":"2026-06-01T19:29:43.325803Z","level":"info","event":"SUCCESSFULLY LOAD DATA TO BRONZE LAYER !!!!!!!!!!!111","logger":"task.stdout"}
{"timestamp":"2026-06-01T19:29:43.326462Z","level":"info","event":"Xóa file tạm thành công","logger":"task.stdout"}
{"timestamp":"2026-06-01T19:29:43.327155Z","level":"info","event":"Đã hoàn tất tải file báo cáo lên bronze layer !!!!","logger":"task.stdout"}
{"timestamp":"2026-06-01T19:29:43.327560Z","level":"info","event":"báo cáo tình hình kinh tế - xã hội tháng hai năm 2026","logger":"task.stdout"}
{"timestamp":"2026-06-01T19:29:43.411076Z","level":"warning","event":"Unverified HTTPS request is being made to host 'www.nso.gov.vn'. Adding certificate verification is strongly advised. See: https://urllib3.readthedocs.io/en/latest/advanced-usage.html#tls-warnings","category":"InsecureRequestWarning","filename":"/home/airflow/.local/lib/python3.13/site-packages/urllib3/connectionpool.py","lineno":1097,"logger":"py.warnings"}
{"timestamp":"2026-06-01T19:29:44.422102Z","level":"info","event":"2026 2","logger":"task.stdout"}
{"timestamp":"2026-06-01T19:29:44.423022Z","level":"info","event":"Bucket 'bronze' already exists","logger":"task.stdout"}
{"timestamp":"2026-06-01T19:29:44.505819Z","level":"warning","event":"Unverified HTTPS request is being made to host 'www.nso.gov.vn'. Adding certificate verification is strongly advised. See: https://urllib3.readthedocs.io/en/latest/advanced-usage.html#tls-warnings","category":"InsecureRequestWarning","filename":"/home/airflow/.local/lib/python3.13/site-packages/urllib3/connectionpool.py","lineno":1097,"logger":"py.warnings"}
{"timestamp":"2026-06-01T19:29:44.670117Z","level":"info","event":"Tạo file 02.-Bieu-T2.xlsx thành công","logger":"task.stdout"}
{"timestamp":"2026-06-01T19:29:44.670691Z","level":"info","event":"economic_report_excel_files/2026/2/02.-Bieu-T2.xlsx","logger":"task.stdout"}
{"timestamp":"2026-06-01T19:29:44.671100Z","level":"info","event":" bronze","logger":"task.stdout"}
{"timestamp":"2026-06-01T19:29:44.671376Z","level":"info","event":" /opt/airflow/tmp_data/02.-Bieu-T2.xlsx","logger":"task.stdout"}
{"timestamp":"2026-06-01T19:29:44.693631Z","level":"info","event":"SUCCESSFULLY LOAD DATA TO BRONZE LAYER !!!!!!!!!!!111","logger":"task.stdout"}
{"timestamp":"2026-06-01T19:29:44.694418Z","level":"info","event":"Xóa file tạm thành công","logger":"task.stdout"}
{"timestamp":"2026-06-01T19:29:44.694941Z","level":"info","event":"Đã hoàn tất tải file báo cáo lên bronze layer !!!!","logger":"task.stdout"}
{"timestamp":"2026-06-01T19:29:44.695394Z","level":"info","event":"báo cáo tình hình kinh tế - xã hội tháng một năm 2026","logger":"task.stdout"}
{"timestamp":"2026-06-01T19:29:44.782468Z","level":"warning","event":"Unverified HTTPS request is being made to host 'www.nso.gov.vn'. Adding certificate verification is strongly advised. See: https://urllib3.readthedocs.io/en/latest/advanced-usage.html#tls-warnings","category":"InsecureRequestWarning","filename":"/home/airflow/.local/lib/python3.13/site-packages/urllib3/connectionpool.py","lineno":1097,"logger":"py.warnings"}
{"timestamp":"2026-06-01T19:29:45.675323Z","level":"info","event":"2026 1","logger":"task.stdout"}
{"timestamp":"2026-06-01T19:29:45.676633Z","level":"info","event":"Bucket 'bronze' already exists","logger":"task.stdout"}
{"timestamp":"2026-06-01T19:29:45.761467Z","level":"warning","event":"Unverified HTTPS request is being made to host 'www.nso.gov.vn'. Adding certificate verification is strongly advised. See: https://urllib3.readthedocs.io/en/latest/advanced-usage.html#tls-warnings","category":"InsecureRequestWarning","filename":"/home/airflow/.local/lib/python3.13/site-packages/urllib3/connectionpool.py","lineno":1097,"logger":"py.warnings"}
{"timestamp":"2026-06-01T19:29:45.918518Z","level":"info","event":"Tạo file 02.-Bieu-T1.2026.xlsx thành công","logger":"task.stdout"}
{"timestamp":"2026-06-01T19:29:45.919198Z","level":"info","event":"economic_report_excel_files/2026/1/02.-Bieu-T1.2026.xlsx","logger":"task.stdout"}
{"timestamp":"2026-06-01T19:29:45.919820Z","level":"info","event":" bronze","logger":"task.stdout"}
{"timestamp":"2026-06-01T19:29:45.920340Z","level":"info","event":" /opt/airflow/tmp_data/02.-Bieu-T1.2026.xlsx","logger":"task.stdout"}
{"timestamp":"2026-06-01T19:29:45.932236Z","level":"info","event":"SUCCESSFULLY LOAD DATA TO BRONZE LAYER !!!!!!!!!!!111","logger":"task.stdout"}
{"timestamp":"2026-06-01T19:29:45.932994Z","level":"info","event":"Xóa file tạm thành công","logger":"task.stdout"}
{"timestamp":"2026-06-01T19:29:45.933481Z","level":"info","event":"Đã hoàn tất tải file báo cáo lên bronze layer !!!!","logger":"task.stdout"}
{"timestamp":"2026-06-01T19:29:45.934192Z","level":"info","event":"báo cáo tình hình kinh tế - xã hội quý iv và năm 2025","logger":"task.stdout"}
{"timestamp":"2026-06-01T19:29:46.011702Z","level":"warning","event":"Unverified HTTPS request is being made to host 'www.nso.gov.vn'. Adding certificate verification is strongly advised. See: https://urllib3.readthedocs.io/en/latest/advanced-usage.html#tls-warnings","category":"InsecureRequestWarning","filename":"/home/airflow/.local/lib/python3.13/site-packages/urllib3/connectionpool.py","lineno":1097,"logger":"py.warnings"}
{"timestamp":"2026-06-01T19:29:46.892092Z","level":"info","event":"2025 12","logger":"task.stdout"}
{"timestamp":"2026-06-01T19:29:46.893211Z","level":"info","event":"Bucket 'bronze' already exists","logger":"task.stdout"}
{"timestamp":"2026-06-01T19:29:46.977810Z","level":"warning","event":"Unverified HTTPS request is being made to host 'www.nso.gov.vn'. Adding certificate verification is strongly advised. See: https://urllib3.readthedocs.io/en/latest/advanced-usage.html#tls-warnings","category":"InsecureRequestWarning","filename":"/home/airflow/.local/lib/python3.13/site-packages/urllib3/connectionpool.py","lineno":1097,"logger":"py.warnings"}
{"timestamp":"2026-06-01T19:29:47.135756Z","level":"info","event":"Tạo file 02.-Bieu-12.2025-4.xlsx thành công","logger":"task.stdout"}
{"timestamp":"2026-06-01T19:29:47.136261Z","level":"info","event":"economic_report_excel_files/2025/12/02.-Bieu-12.2025-4.xlsx","logger":"task.stdout"}
{"timestamp":"2026-06-01T19:29:47.136609Z","level":"info","event":" bronze","logger":"task.stdout"}
{"timestamp":"2026-06-01T19:29:47.136902Z","level":"info","event":" /opt/airflow/tmp_data/02.-Bieu-12.2025-4.xlsx","logger":"task.stdout"}
{"timestamp":"2026-06-01T19:29:47.152478Z","level":"info","event":"SUCCESSFULLY LOAD DATA TO BRONZE LAYER !!!!!!!!!!!111","logger":"task.stdout"}
{"timestamp":"2026-06-01T19:29:47.153137Z","level":"info","event":"Xóa file tạm thành công","logger":"task.stdout"}
{"timestamp":"2026-06-01T19:29:47.153759Z","level":"info","event":"Đã hoàn tất tải file báo cáo lên bronze layer !!!!","logger":"task.stdout"}
{"timestamp":"2026-06-01T19:29:47.154074Z","level":"info","event":"báo cáo tình hình kinh tế - xã hội tháng mười một và 11 tháng năm 2025","logger":"task.stdout"}
{"timestamp":"2026-06-01T19:29:47.240286Z","level":"warning","event":"Unverified HTTPS request is being made to host 'www.nso.gov.vn'. Adding certificate verification is strongly advised. See: https://urllib3.readthedocs.io/en/latest/advanced-usage.html#tls-warnings","category":"InsecureRequestWarning","filename":"/home/airflow/.local/lib/python3.13/site-packages/urllib3/connectionpool.py","lineno":1097,"logger":"py.warnings"}
{"timestamp":"2026-06-01T19:29:48.239021Z","level":"info","event":"2025 11","logger":"task.stdout"}
{"timestamp":"2026-06-01T19:29:48.240914Z","level":"info","event":"Bucket 'bronze' already exists","logger":"task.stdout"}
{"timestamp":"2026-06-01T19:29:48.410356Z","level":"warning","event":"Unverified HTTPS request is being made to host 'www.nso.gov.vn'. Adding certificate verification is strongly advised. See: https://urllib3.readthedocs.io/en/latest/advanced-usage.html#tls-warnings","category":"InsecureRequestWarning","filename":"/home/airflow/.local/lib/python3.13/site-packages/urllib3/connectionpool.py","lineno":1097,"logger":"py.warnings"}
{"timestamp":"2026-06-01T19:29:48.565536Z","level":"info","event":"Tạo file 2.-So-lieu-T11.2025.xlsx thành công","logger":"task.stdout"}
{"timestamp":"2026-06-01T19:29:48.566069Z","level":"info","event":"economic_report_excel_files/2025/11/2.-So-lieu-T11.2025.xlsx","logger":"task.stdout"}
{"timestamp":"2026-06-01T19:29:48.566355Z","level":"info","event":" bronze","logger":"task.stdout"}
{"timestamp":"2026-06-01T19:29:48.566713Z","level":"info","event":" /opt/airflow/tmp_data/2.-So-lieu-T11.2025.xlsx","logger":"task.stdout"}
{"timestamp":"2026-06-01T19:29:48.581741Z","level":"info","event":"SUCCESSFULLY LOAD DATA TO BRONZE LAYER !!!!!!!!!!!111","logger":"task.stdout"}
{"timestamp":"2026-06-01T19:29:48.582428Z","level":"info","event":"Xóa file tạm thành công","logger":"task.stdout"}
{"timestamp":"2026-06-01T19:29:48.583070Z","level":"info","event":"Đã hoàn tất tải file báo cáo lên bronze layer !!!!","logger":"task.stdout"}
{"timestamp":"2026-06-01T19:29:48.583478Z","level":"info","event":"báo cáo tình hình kinh tế - xã hội tháng mười và 10 tháng năm 2025","logger":"task.stdout"}
{"timestamp":"2026-06-01T19:29:48.666323Z","level":"warning","event":"Unverified HTTPS request is being made to host 'www.nso.gov.vn'. Adding certificate verification is strongly advised. See: https://urllib3.readthedocs.io/en/latest/advanced-usage.html#tls-warnings","category":"InsecureRequestWarning","filename":"/home/airflow/.local/lib/python3.13/site-packages/urllib3/connectionpool.py","lineno":1097,"logger":"py.warnings"}
{"timestamp":"2026-06-01T19:29:49.484952Z","level":"info","event":"2025 10","logger":"task.stdout"}
{"timestamp":"2026-06-01T19:29:49.486183Z","level":"info","event":"Bucket 'bronze' already exists","logger":"task.stdout"}
{"timestamp":"2026-06-01T19:29:49.568149Z","level":"warning","event":"Unverified HTTPS request is being made to host 'www.nso.gov.vn'. Adding certificate verification is strongly advised. See: https://urllib3.readthedocs.io/en/latest/advanced-usage.html#tls-warnings","category":"InsecureRequestWarning","filename":"/home/airflow/.local/lib/python3.13/site-packages/urllib3/connectionpool.py","lineno":1097,"logger":"py.warnings"}
{"timestamp":"2026-06-01T19:29:49.724352Z","level":"info","event":"Tạo file 02.-So-lieu-T10.2025.xlsx thành công","logger":"task.stdout"}
{"timestamp":"2026-06-01T19:29:49.724912Z","level":"info","event":"economic_report_excel_files/2025/10/02.-So-lieu-T10.2025.xlsx","logger":"task.stdout"}
{"timestamp":"2026-06-01T19:29:49.725425Z","level":"info","event":" bronze","logger":"task.stdout"}
{"timestamp":"2026-06-01T19:29:49.725801Z","level":"info","event":" /opt/airflow/tmp_data/02.-So-lieu-T10.2025.xlsx","logger":"task.stdout"}
{"timestamp":"2026-06-01T19:29:49.739747Z","level":"info","event":"SUCCESSFULLY LOAD DATA TO BRONZE LAYER !!!!!!!!!!!111","logger":"task.stdout"}
{"timestamp":"2026-06-01T19:29:49.740401Z","level":"info","event":"Xóa file tạm thành công","logger":"task.stdout"}
{"timestamp":"2026-06-01T19:29:49.740820Z","level":"info","event":"Đã hoàn tất tải file báo cáo lên bronze layer !!!!","logger":"task.stdout"}
{"timestamp":"2026-06-01T19:29:49.741117Z","level":"info","event":"báo cáo tình hình kinh tế - xã hội quý iii và 9 tháng năm 2025","logger":"task.stdout"}
{"timestamp":"2026-06-01T19:29:49.819740Z","level":"warning","event":"Unverified HTTPS request is being made to host 'www.nso.gov.vn'. Adding certificate verification is strongly advised. See: https://urllib3.readthedocs.io/en/latest/advanced-usage.html#tls-warnings","category":"InsecureRequestWarning","filename":"/home/airflow/.local/lib/python3.13/site-packages/urllib3/connectionpool.py","lineno":1097,"logger":"py.warnings"}
{"timestamp":"2026-06-01T19:29:50.691914Z","level":"info","event":"2025 9","logger":"task.stdout"}
{"timestamp":"2026-06-01T19:29:50.693150Z","level":"info","event":"Bucket 'bronze' already exists","logger":"task.stdout"}
{"timestamp":"2026-06-01T19:29:50.775987Z","level":"warning","event":"Unverified HTTPS request is being made to host 'www.nso.gov.vn'. Adding certificate verification is strongly advised. See: https://urllib3.readthedocs.io/en/latest/advanced-usage.html#tls-warnings","category":"InsecureRequestWarning","filename":"/home/airflow/.local/lib/python3.13/site-packages/urllib3/connectionpool.py","lineno":1097,"logger":"py.warnings"}
{"timestamp":"2026-06-01T19:29:50.955964Z","level":"info","event":"Tạo file 02.-Bieu-T9.2025-final.xlsx thành công","logger":"task.stdout"}
{"timestamp":"2026-06-01T19:29:50.956376Z","level":"info","event":"economic_report_excel_files/2025/9/02.-Bieu-T9.2025-final.xlsx","logger":"task.stdout"}
{"timestamp":"2026-06-01T19:29:50.956743Z","level":"info","event":" bronze","logger":"task.stdout"}
{"timestamp":"2026-06-01T19:29:50.957009Z","level":"info","event":" /opt/airflow/tmp_data/02.-Bieu-T9.2025-final.xlsx","logger":"task.stdout"}
{"timestamp":"2026-06-01T19:29:50.977708Z","level":"info","event":"SUCCESSFULLY LOAD DATA TO BRONZE LAYER !!!!!!!!!!!111","logger":"task.stdout"}
{"timestamp":"2026-06-01T19:29:50.978358Z","level":"info","event":"Xóa file tạm thành công","logger":"task.stdout"}
{"timestamp":"2026-06-01T19:29:50.979100Z","level":"info","event":"Đã hoàn tất tải file báo cáo lên bronze layer !!!!","logger":"task.stdout"}
{"timestamp":"2026-06-01T19:29:50.979674Z","level":"info","event":"báo cáo tình hình kinh tế - xã hội tháng tám và 8 tháng năm 2025","logger":"task.stdout"}
{"timestamp":"2026-06-01T19:29:51.061549Z","level":"warning","event":"Unverified HTTPS request is being made to host 'www.nso.gov.vn'. Adding certificate verification is strongly advised. See: https://urllib3.readthedocs.io/en/latest/advanced-usage.html#tls-warnings","category":"InsecureRequestWarning","filename":"/home/airflow/.local/lib/python3.13/site-packages/urllib3/connectionpool.py","lineno":1097,"logger":"py.warnings"}
{"timestamp":"2026-06-01T19:29:52.044720Z","level":"info","event":"2025 8","logger":"task.stdout"}
{"timestamp":"2026-06-01T19:29:52.061572Z","level":"info","event":"Bucket 'bronze' already exists","logger":"task.stdout"}
{"timestamp":"2026-06-01T19:29:52.125025Z","level":"warning","event":"Unverified HTTPS request is being made to host 'www.nso.gov.vn'. Adding certificate verification is strongly advised. See: https://urllib3.readthedocs.io/en/latest/advanced-usage.html#tls-warnings","category":"InsecureRequestWarning","filename":"/home/airflow/.local/lib/python3.13/site-packages/urllib3/connectionpool.py","lineno":1097,"logger":"py.warnings"}
{"timestamp":"2026-06-01T19:29:52.297435Z","level":"info","event":"Tạo file 02-So-lieu-T8.2025.xlsx thành công","logger":"task.stdout"}
{"timestamp":"2026-06-01T19:29:52.297898Z","level":"info","event":"economic_report_excel_files/2025/8/02-So-lieu-T8.2025.xlsx","logger":"task.stdout"}
{"timestamp":"2026-06-01T19:29:52.298137Z","level":"info","event":" bronze","logger":"task.stdout"}
{"timestamp":"2026-06-01T19:29:52.298454Z","level":"info","event":" /opt/airflow/tmp_data/02-So-lieu-T8.2025.xlsx","logger":"task.stdout"}
{"timestamp":"2026-06-01T19:29:52.312270Z","level":"info","event":"SUCCESSFULLY LOAD DATA TO BRONZE LAYER !!!!!!!!!!!111","logger":"task.stdout"}
{"timestamp":"2026-06-01T19:29:52.312986Z","level":"info","event":"Xóa file tạm thành công","logger":"task.stdout"}
{"timestamp":"2026-06-01T19:29:52.313509Z","level":"info","event":"Đã hoàn tất tải file báo cáo lên bronze layer !!!!","logger":"task.stdout"}
{"timestamp":"2026-06-01T19:29:52.313982Z","level":"info","event":"báo cáo tình hình kinh tế - xã hội tháng bảy và 7 tháng năm 2025","logger":"task.stdout"}
{"timestamp":"2026-06-01T19:29:52.394902Z","level":"warning","event":"Unverified HTTPS request is being made to host 'www.nso.gov.vn'. Adding certificate verification is strongly advised. See: https://urllib3.readthedocs.io/en/latest/advanced-usage.html#tls-warnings","category":"InsecureRequestWarning","filename":"/home/airflow/.local/lib/python3.13/site-packages/urllib3/connectionpool.py","lineno":1097,"logger":"py.warnings"}
{"timestamp":"2026-06-01T19:29:53.246562Z","level":"info","event":"2025 7","logger":"task.stdout"}
{"timestamp":"2026-06-01T19:29:53.247786Z","level":"info","event":"Bucket 'bronze' already exists","logger":"task.stdout"}
{"timestamp":"2026-06-01T19:29:53.406464Z","level":"warning","event":"Unverified HTTPS request is being made to host 'www.nso.gov.vn'. Adding certificate verification is strongly advised. See: https://urllib3.readthedocs.io/en/latest/advanced-usage.html#tls-warnings","category":"InsecureRequestWarning","filename":"/home/airflow/.local/lib/python3.13/site-packages/urllib3/connectionpool.py","lineno":1097,"logger":"py.warnings"}
{"timestamp":"2026-06-01T19:29:53.561656Z","level":"info","event":"Tạo file 02-Bieu-T7.2025-final.xlsx thành công","logger":"task.stdout"}
{"timestamp":"2026-06-01T19:29:53.562114Z","level":"info","event":"economic_report_excel_files/2025/7/02-Bieu-T7.2025-final.xlsx","logger":"task.stdout"}
{"timestamp":"2026-06-01T19:29:53.562524Z","level":"info","event":" bronze","logger":"task.stdout"}
{"timestamp":"2026-06-01T19:29:53.562791Z","level":"info","event":" /opt/airflow/tmp_data/02-Bieu-T7.2025-final.xlsx","logger":"task.stdout"}
{"timestamp":"2026-06-01T19:29:53.576285Z","level":"info","event":"SUCCESSFULLY LOAD DATA TO BRONZE LAYER !!!!!!!!!!!111","logger":"task.stdout"}
{"timestamp":"2026-06-01T19:29:53.576966Z","level":"info","event":"Xóa file tạm thành công","logger":"task.stdout"}
{"timestamp":"2026-06-01T19:29:53.577447Z","level":"info","event":"Đã hoàn tất tải file báo cáo lên bronze layer !!!!","logger":"task.stdout"}
{"timestamp":"2026-06-01T19:29:53.577922Z","level":"info","event":"báo cáo tình hình kinh tế – xã hội quý ii và 6 tháng đầu năm 2025","logger":"task.stdout"}
{"timestamp":"2026-06-01T19:29:53.656799Z","level":"warning","event":"Unverified HTTPS request is being made to host 'www.nso.gov.vn'. Adding certificate verification is strongly advised. See: https://urllib3.readthedocs.io/en/latest/advanced-usage.html#tls-warnings","category":"InsecureRequestWarning","filename":"/home/airflow/.local/lib/python3.13/site-packages/urllib3/connectionpool.py","lineno":1097,"logger":"py.warnings"}
{"timestamp":"2026-06-01T19:29:54.592929Z","level":"info","event":"2025 6","logger":"task.stdout"}
{"timestamp":"2026-06-01T19:29:54.597179Z","level":"info","event":"Bucket 'bronze' already exists","logger":"task.stdout"}
{"timestamp":"2026-06-01T19:29:54.689376Z","level":"warning","event":"Unverified HTTPS request is being made to host 'www.nso.gov.vn'. Adding certificate verification is strongly advised. See: https://urllib3.readthedocs.io/en/latest/advanced-usage.html#tls-warnings","category":"InsecureRequestWarning","filename":"/home/airflow/.local/lib/python3.13/site-packages/urllib3/connectionpool.py","lineno":1097,"logger":"py.warnings"}
{"timestamp":"2026-06-01T19:29:54.856058Z","level":"info","event":"Tạo file 2.-So-lieu-6-thang-2025.xlsx thành công","logger":"task.stdout"}
{"timestamp":"2026-06-01T19:29:54.856571Z","level":"info","event":"economic_report_excel_files/2025/6/2.-So-lieu-6-thang-2025.xlsx","logger":"task.stdout"}
{"timestamp":"2026-06-01T19:29:54.856870Z","level":"info","event":" bronze","logger":"task.stdout"}
{"timestamp":"2026-06-01T19:29:54.857099Z","level":"info","event":" /opt/airflow/tmp_data/2.-So-lieu-6-thang-2025.xlsx","logger":"task.stdout"}
{"timestamp":"2026-06-01T19:29:54.873963Z","level":"info","event":"SUCCESSFULLY LOAD DATA TO BRONZE LAYER !!!!!!!!!!!111","logger":"task.stdout"}
{"timestamp":"2026-06-01T19:29:54.874621Z","level":"info","event":"Xóa file tạm thành công","logger":"task.stdout"}
{"timestamp":"2026-06-01T19:29:54.875039Z","level":"info","event":"Đã hoàn tất tải file báo cáo lên bronze layer !!!!","logger":"task.stdout"}
{"timestamp":"2026-06-01T19:29:54.875429Z","level":"info","event":"báo cáo tình hình kinh tế - xã hội tháng năm và 5 tháng đầu năm 2025","logger":"task.stdout"}
{"timestamp":"2026-06-01T19:29:54.955305Z","level":"warning","event":"Unverified HTTPS request is being made to host 'www.nso.gov.vn'. Adding certificate verification is strongly advised. See: https://urllib3.readthedocs.io/en/latest/advanced-usage.html#tls-warnings","category":"InsecureRequestWarning","filename":"/home/airflow/.local/lib/python3.13/site-packages/urllib3/connectionpool.py","lineno":1097,"logger":"py.warnings"}
{"timestamp":"2026-06-01T19:29:55.891735Z","level":"info","event":"2025 5","logger":"task.stdout"}
{"timestamp":"2026-06-01T19:29:55.898176Z","level":"info","event":"Bucket 'bronze' already exists","logger":"task.stdout"}
{"timestamp":"2026-06-01T19:29:55.984945Z","level":"warning","event":"Unverified HTTPS request is being made to host 'www.nso.gov.vn'. Adding certificate verification is strongly advised. See: https://urllib3.readthedocs.io/en/latest/advanced-usage.html#tls-warnings","category":"InsecureRequestWarning","filename":"/home/airflow/.local/lib/python3.13/site-packages/urllib3/connectionpool.py","lineno":1097,"logger":"py.warnings"}
{"timestamp":"2026-06-01T19:29:56.152688Z","level":"info","event":"Tạo file 2.-Bieu-thang-5.2025.xlsx thành công","logger":"task.stdout"}
{"timestamp":"2026-06-01T19:29:56.154353Z","level":"info","event":"economic_report_excel_files/2025/5/2.-Bieu-thang-5.2025.xlsx","logger":"task.stdout"}
{"timestamp":"2026-06-01T19:29:56.154790Z","level":"info","event":" bronze","logger":"task.stdout"}
{"timestamp":"2026-06-01T19:29:56.155151Z","level":"info","event":" /opt/airflow/tmp_data/2.-Bieu-thang-5.2025.xlsx","logger":"task.stdout"}
{"timestamp":"2026-06-01T19:29:56.168111Z","level":"info","event":"SUCCESSFULLY LOAD DATA TO BRONZE LAYER !!!!!!!!!!!111","logger":"task.stdout"}
{"timestamp":"2026-06-01T19:29:56.168972Z","level":"info","event":"Xóa file tạm thành công","logger":"task.stdout"}
{"timestamp":"2026-06-01T19:29:56.169484Z","level":"info","event":"Đã hoàn tất tải file báo cáo lên bronze layer !!!!","logger":"task.stdout"}
{"timestamp":"2026-06-01T19:29:56.169960Z","level":"info","event":"báo cáo tình hình kinh tế - xã hội tháng tư và 4 tháng đầu năm 2025","logger":"task.stdout"}
{"timestamp":"2026-06-01T19:29:56.253702Z","level":"warning","event":"Unverified HTTPS request is being made to host 'www.nso.gov.vn'. Adding certificate verification is strongly advised. See: https://urllib3.readthedocs.io/en/latest/advanced-usage.html#tls-warnings","category":"InsecureRequestWarning","filename":"/home/airflow/.local/lib/python3.13/site-packages/urllib3/connectionpool.py","lineno":1097,"logger":"py.warnings"}
{"timestamp":"2026-06-01T19:29:57.133069Z","level":"info","event":"2025 4","logger":"task.stdout"}
{"timestamp":"2026-06-01T19:29:57.147408Z","level":"info","event":"Bucket 'bronze' already exists","logger":"task.stdout"}
{"timestamp":"2026-06-01T19:29:57.215596Z","level":"warning","event":"Unverified HTTPS request is being made to host 'www.nso.gov.vn'. Adding certificate verification is strongly advised. See: https://urllib3.readthedocs.io/en/latest/advanced-usage.html#tls-warnings","category":"InsecureRequestWarning","filename":"/home/airflow/.local/lib/python3.13/site-packages/urllib3/connectionpool.py","lineno":1097,"logger":"py.warnings"}
{"timestamp":"2026-06-01T19:29:57.356573Z","level":"info","event":"Tạo file 02-Bieu-T4.2025-final.xlsx thành công","logger":"task.stdout"}
{"timestamp":"2026-06-01T19:29:57.357108Z","level":"info","event":"economic_report_excel_files/2025/4/02-Bieu-T4.2025-final.xlsx","logger":"task.stdout"}
{"timestamp":"2026-06-01T19:29:57.357443Z","level":"info","event":" bronze","logger":"task.stdout"}
{"timestamp":"2026-06-01T19:29:57.357690Z","level":"info","event":" /opt/airflow/tmp_data/02-Bieu-T4.2025-final.xlsx","logger":"task.stdout"}
{"timestamp":"2026-06-01T19:29:57.371959Z","level":"info","event":"SUCCESSFULLY LOAD DATA TO BRONZE LAYER !!!!!!!!!!!111","logger":"task.stdout"}
{"timestamp":"2026-06-01T19:29:57.372695Z","level":"info","event":"Xóa file tạm thành công","logger":"task.stdout"}
{"timestamp":"2026-06-01T19:29:57.373055Z","level":"info","event":"Đã hoàn tất tải file báo cáo lên bronze layer !!!!","logger":"task.stdout"}
{"timestamp":"2026-06-01T19:29:57.373485Z","level":"info","event":"báo cáo tình hình kinh tế - xã hội quý i năm 2025","logger":"task.stdout"}
{"timestamp":"2026-06-01T19:29:57.454888Z","level":"warning","event":"Unverified HTTPS request is being made to host 'www.nso.gov.vn'. Adding certificate verification is strongly advised. See: https://urllib3.readthedocs.io/en/latest/advanced-usage.html#tls-warnings","category":"InsecureRequestWarning","filename":"/home/airflow/.local/lib/python3.13/site-packages/urllib3/connectionpool.py","lineno":1097,"logger":"py.warnings"}
{"timestamp":"2026-06-01T19:29:58.311888Z","level":"info","event":"2025 3","logger":"task.stdout"}
{"timestamp":"2026-06-01T19:29:58.315799Z","level":"info","event":"Bucket 'bronze' already exists","logger":"task.stdout"}
{"timestamp":"2026-06-01T19:29:59.484719Z","level":"warning","event":"Unverified HTTPS request is being made to host 'www.nso.gov.vn'. Adding certificate verification is strongly advised. See: https://urllib3.readthedocs.io/en/latest/advanced-usage.html#tls-warnings","category":"InsecureRequestWarning","filename":"/home/airflow/.local/lib/python3.13/site-packages/urllib3/connectionpool.py","lineno":1097,"logger":"py.warnings"}
{"timestamp":"2026-06-01T19:29:59.629879Z","level":"info","event":"Tạo file 02-Bieu-T3.2025-final.xlsx thành công","logger":"task.stdout"}
{"timestamp":"2026-06-01T19:29:59.632954Z","level":"info","event":"economic_report_excel_files/2025/3/02-Bieu-T3.2025-final.xlsx","logger":"task.stdout"}
{"timestamp":"2026-06-01T19:29:59.633331Z","level":"info","event":" bronze","logger":"task.stdout"}
{"timestamp":"2026-06-01T19:29:59.633656Z","level":"info","event":" /opt/airflow/tmp_data/02-Bieu-T3.2025-final.xlsx","logger":"task.stdout"}
{"timestamp":"2026-06-01T19:29:59.643088Z","level":"info","event":"SUCCESSFULLY LOAD DATA TO BRONZE LAYER !!!!!!!!!!!111","logger":"task.stdout"}
{"timestamp":"2026-06-01T19:29:59.643734Z","level":"info","event":"Xóa file tạm thành công","logger":"task.stdout"}
{"timestamp":"2026-06-01T19:29:59.644256Z","level":"info","event":"Đã hoàn tất tải file báo cáo lên bronze layer !!!!","logger":"task.stdout"}
{"timestamp":"2026-06-01T19:29:59.644595Z","level":"info","event":"báo cáo tình hình kinh tế - xã hội tháng hai và 02 tháng đầu năm 2025","logger":"task.stdout"}
{"timestamp":"2026-06-01T19:29:59.729423Z","level":"warning","event":"Unverified HTTPS request is being made to host 'www.nso.gov.vn'. Adding certificate verification is strongly advised. See: https://urllib3.readthedocs.io/en/latest/advanced-usage.html#tls-warnings","category":"InsecureRequestWarning","filename":"/home/airflow/.local/lib/python3.13/site-packages/urllib3/connectionpool.py","lineno":1097,"logger":"py.warnings"}
{"timestamp":"2026-06-01T19:30:00.645283Z","level":"info","event":"2025 2","logger":"task.stdout"}
{"timestamp":"2026-06-01T19:30:00.646527Z","level":"info","event":"Bucket 'bronze' already exists","logger":"task.stdout"}
{"timestamp":"2026-06-01T19:30:00.730854Z","level":"warning","event":"Unverified HTTPS request is being made to host 'www.nso.gov.vn'. Adding certificate verification is strongly advised. See: https://urllib3.readthedocs.io/en/latest/advanced-usage.html#tls-warnings","category":"InsecureRequestWarning","filename":"/home/airflow/.local/lib/python3.13/site-packages/urllib3/connectionpool.py","lineno":1097,"logger":"py.warnings"}
{"timestamp":"2026-06-01T19:30:00.871742Z","level":"info","event":"Tạo file Bieu-T2.2025-2.xlsx thành công","logger":"task.stdout"}
{"timestamp":"2026-06-01T19:30:00.872207Z","level":"info","event":"economic_report_excel_files/2025/2/Bieu-T2.2025-2.xlsx","logger":"task.stdout"}
{"timestamp":"2026-06-01T19:30:00.872668Z","level":"info","event":" bronze","logger":"task.stdout"}
{"timestamp":"2026-06-01T19:30:00.873053Z","level":"info","event":" /opt/airflow/tmp_data/Bieu-T2.2025-2.xlsx","logger":"task.stdout"}
{"timestamp":"2026-06-01T19:30:00.885057Z","level":"info","event":"SUCCESSFULLY LOAD DATA TO BRONZE LAYER !!!!!!!!!!!111","logger":"task.stdout"}
{"timestamp":"2026-06-01T19:30:00.885652Z","level":"info","event":"Xóa file tạm thành công","logger":"task.stdout"}
{"timestamp":"2026-06-01T19:30:00.886248Z","level":"info","event":"Đã hoàn tất tải file báo cáo lên bronze layer !!!!","logger":"task.stdout"}
{"timestamp":"2026-06-01T19:30:00.886681Z","level":"info","event":"báo cáo tình hình kinh tế - xã hội tháng một năm 2025","logger":"task.stdout"}
{"timestamp":"2026-06-01T19:30:00.966236Z","level":"warning","event":"Unverified HTTPS request is being made to host 'www.nso.gov.vn'. Adding certificate verification is strongly advised. See: https://urllib3.readthedocs.io/en/latest/advanced-usage.html#tls-warnings","category":"InsecureRequestWarning","filename":"/home/airflow/.local/lib/python3.13/site-packages/urllib3/connectionpool.py","lineno":1097,"logger":"py.warnings"}
{"timestamp":"2026-06-01T19:30:01.818664Z","level":"info","event":"2025 1","logger":"task.stdout"}
{"timestamp":"2026-06-01T19:30:01.819988Z","level":"info","event":"Bucket 'bronze' already exists","logger":"task.stdout"}
{"timestamp":"2026-06-01T19:30:01.904526Z","level":"warning","event":"Unverified HTTPS request is being made to host 'www.nso.gov.vn'. Adding certificate verification is strongly advised. See: https://urllib3.readthedocs.io/en/latest/advanced-usage.html#tls-warnings","category":"InsecureRequestWarning","filename":"/home/airflow/.local/lib/python3.13/site-packages/urllib3/connectionpool.py","lineno":1097,"logger":"py.warnings"}
{"timestamp":"2026-06-01T19:30:02.035998Z","level":"info","event":"Tạo file 02-Bieu-T01.2025-2.xlsx thành công","logger":"task.stdout"}
{"timestamp":"2026-06-01T19:30:02.037124Z","level":"info","event":"economic_report_excel_files/2025/1/02-Bieu-T01.2025-2.xlsx","logger":"task.stdout"}
{"timestamp":"2026-06-01T19:30:02.037592Z","level":"info","event":" bronze","logger":"task.stdout"}
{"timestamp":"2026-06-01T19:30:02.038055Z","level":"info","event":" /opt/airflow/tmp_data/02-Bieu-T01.2025-2.xlsx","logger":"task.stdout"}
{"timestamp":"2026-06-01T19:30:02.049401Z","level":"info","event":"SUCCESSFULLY LOAD DATA TO BRONZE LAYER !!!!!!!!!!!111","logger":"task.stdout"}
{"timestamp":"2026-06-01T19:30:02.050027Z","level":"info","event":"Xóa file tạm thành công","logger":"task.stdout"}
{"timestamp":"2026-06-01T19:30:02.052767Z","level":"info","event":"Đã hoàn tất tải file báo cáo lên bronze layer !!!!","logger":"task.stdout"}
{"timestamp":"2026-06-01T19:30:02.051767Z","level":"info","event":"Done. Returned value was: None","logger":"airflow.task.operators.airflow.providers.standard.operators.python.PythonOperator","filename":"python.py","lineno":229}
