{"timestamp":"2026-06-01T20:01:12.185557Z","level":"info","event":"DAG bundles loaded: dags-folder","logger":"airflow.dag_processing.bundles.manager.DagBundlesManager","filename":"manager.py","lineno":209}
{"timestamp":"2026-06-01T20:01:12.187392Z","level":"info","event":"Filling up the DagBag from /opt/airflow/dags/init_report_data_dag.py","logger":"airflow.dag_processing.dagbag.BundleDagBag","filename":"dagbag.py","lineno":469}
{"timestamp":"2026-06-01T20:01:12.367717Z","level":"warning","event":"The `airflow.operators.python.PythonOperator` attribute is deprecated. Please use `'airflow.providers.standard.operators.python.PythonOperator'`.","category":"UserWarning","filename":"/opt/airflow/dags/init_report_data_dag.py","lineno":2,"logger":"py.warnings"}
{"timestamp":"2026-06-01T20:01:12.367894Z","level":"warning","event":"The `airflow.operators.bash.BashOperator` attribute is deprecated. Please use `'airflow.providers.standard.operators.bash.BashOperator'`.","category":"UserWarning","filename":"/opt/airflow/dags/init_report_data_dag.py","lineno":3,"logger":"py.warnings"}
{"timestamp":"2026-06-01T20:01:12.388544Z","level":"info","event":"Tmp dir root location: /tmp","logger":"airflow.task.hooks.airflow.providers.standard.hooks.subprocess.SubprocessHook","filename":"subprocess.py","lineno":78}
{"timestamp":"2026-06-01T20:01:12.389513Z","level":"info","event":"Running command: ['/usr/bin/bash', '-c', 'docker exec spark-master /opt/spark/bin/spark-submit Extract_Data_From_Excel_Reports.py']","logger":"airflow.task.hooks.airflow.providers.standard.hooks.subprocess.SubprocessHook","filename":"subprocess.py","lineno":80}
{"timestamp":"2026-06-01T20:01:12.390272Z","level":"info","event":"Output:","logger":"airflow.task.hooks.airflow.providers.standard.hooks.subprocess.SubprocessHook","filename":"subprocess.py","lineno":92}
{"timestamp":"2026-06-01T20:01:14.644174Z","level":"info","event":"/opt/spark/python/lib/pyspark.zip/pyspark/pandas/__init__.py:50: UserWarning: 'PYARROW_IGNORE_TIMEZONE' environment variable was not set. It is required to set this environment variable to '1' in both driver and executor sides if you use pyarrow>=2.0.0. pandas-on-Spark will set it for you but it does not work if there is a Spark context already launched.","logger":"airflow.task.hooks.airflow.providers.standard.hooks.subprocess.SubprocessHook","filename":"subprocess.py","lineno":99}
{"timestamp":"2026-06-01T20:01:15.326599Z","level":"info","event":"26/06/01 20:01:15 INFO SparkContext: Running Spark version 3.5.8","logger":"airflow.task.hooks.airflow.providers.standard.hooks.subprocess.SubprocessHook","filename":"subprocess.py","lineno":99}
{"timestamp":"2026-06-01T20:01:15.328172Z","level":"info","event":"26/06/01 20:01:15 INFO SparkContext: OS info Linux, 6.6.87.2-microsoft-standard-WSL2, amd64","logger":"airflow.task.hooks.airflow.providers.standard.hooks.subprocess.SubprocessHook","filename":"subprocess.py","lineno":99}
{"timestamp":"2026-06-01T20:01:15.328668Z","level":"info","event":"26/06/01 20:01:15 INFO SparkContext: Java version 11.0.29","logger":"airflow.task.hooks.airflow.providers.standard.hooks.subprocess.SubprocessHook","filename":"subprocess.py","lineno":99}
{"timestamp":"2026-06-01T20:01:15.378684Z","level":"info","event":"26/06/01 20:01:15 WARN NativeCodeLoader: Unable to load native-hadoop library for your platform... using builtin-java classes where applicable","logger":"airflow.task.hooks.airflow.providers.standard.hooks.subprocess.SubprocessHook","filename":"subprocess.py","lineno":99}
{"timestamp":"2026-06-01T20:01:15.454819Z","level":"info","event":"26/06/01 20:01:15 INFO ResourceUtils: ==============================================================","logger":"airflow.task.hooks.airflow.providers.standard.hooks.subprocess.SubprocessHook","filename":"subprocess.py","lineno":99}
{"timestamp":"2026-06-01T20:01:15.454958Z","level":"info","event":"26/06/01 20:01:15 INFO ResourceUtils: No custom resources configured for spark.driver.","logger":"airflow.task.hooks.airflow.providers.standard.hooks.subprocess.SubprocessHook","filename":"subprocess.py","lineno":99}
{"timestamp":"2026-06-01T20:01:15.454997Z","level":"info","event":"26/06/01 20:01:15 INFO ResourceUtils: ==============================================================","logger":"airflow.task.hooks.airflow.providers.standard.hooks.subprocess.SubprocessHook","filename":"subprocess.py","lineno":99}
{"timestamp":"2026-06-01T20:01:15.455019Z","level":"info","event":"26/06/01 20:01:15 INFO SparkContext: Submitted application: Delta-MinIO","logger":"airflow.task.hooks.airflow.providers.standard.hooks.subprocess.SubprocessHook","filename":"subprocess.py","lineno":99}
{"timestamp":"2026-06-01T20:01:15.469517Z","level":"info","event":"26/06/01 20:01:15 INFO ResourceProfile: Default ResourceProfile created, executor resources: Map(cores -> name: cores, amount: 1, script: , vendor: , memory -> name: memory, amount: 1024, script: , vendor: , offHeap -> name: offHeap, amount: 0, script: , vendor: ), task resources: Map(cpus -> name: cpus, amount: 1.0)","logger":"airflow.task.hooks.airflow.providers.standard.hooks.subprocess.SubprocessHook","filename":"subprocess.py","lineno":99}
{"timestamp":"2026-06-01T20:01:15.476377Z","level":"info","event":"26/06/01 20:01:15 INFO ResourceProfile: Limiting resource is cpu","logger":"airflow.task.hooks.airflow.providers.standard.hooks.subprocess.SubprocessHook","filename":"subprocess.py","lineno":99}
{"timestamp":"2026-06-01T20:01:15.476623Z","level":"info","event":"26/06/01 20:01:15 INFO ResourceProfileManager: Added ResourceProfile id: 0","logger":"airflow.task.hooks.airflow.providers.standard.hooks.subprocess.SubprocessHook","filename":"subprocess.py","lineno":99}
{"timestamp":"2026-06-01T20:01:15.513163Z","level":"info","event":"26/06/01 20:01:15 INFO SecurityManager: Changing view acls to: spark","logger":"airflow.task.hooks.airflow.providers.standard.hooks.subprocess.SubprocessHook","filename":"subprocess.py","lineno":99}
{"timestamp":"2026-06-01T20:01:15.513445Z","level":"info","event":"26/06/01 20:01:15 INFO SecurityManager: Changing modify acls to: spark","logger":"airflow.task.hooks.airflow.providers.standard.hooks.subprocess.SubprocessHook","filename":"subprocess.py","lineno":99}
{"timestamp":"2026-06-01T20:01:15.514134Z","level":"info","event":"26/06/01 20:01:15 INFO SecurityManager: Changing view acls groups to:","logger":"airflow.task.hooks.airflow.providers.standard.hooks.subprocess.SubprocessHook","filename":"subprocess.py","lineno":99}
{"timestamp":"2026-06-01T20:01:15.515139Z","level":"info","event":"26/06/01 20:01:15 INFO SecurityManager: Changing modify acls groups to:","logger":"airflow.task.hooks.airflow.providers.standard.hooks.subprocess.SubprocessHook","filename":"subprocess.py","lineno":99}
{"timestamp":"2026-06-01T20:01:15.516551Z","level":"info","event":"26/06/01 20:01:15 INFO SecurityManager: SecurityManager: authentication disabled; ui acls disabled; users with view permissions: spark; groups with view permissions: EMPTY; users with modify permissions: spark; groups with modify permissions: EMPTY","logger":"airflow.task.hooks.airflow.providers.standard.hooks.subprocess.SubprocessHook","filename":"subprocess.py","lineno":99}
{"timestamp":"2026-06-01T20:01:15.699820Z","level":"info","event":"26/06/01 20:01:15 INFO Utils: Successfully started service 'sparkDriver' on port 44121.","logger":"airflow.task.hooks.airflow.providers.standard.hooks.subprocess.SubprocessHook","filename":"subprocess.py","lineno":99}
{"timestamp":"2026-06-01T20:01:15.728652Z","level":"info","event":"26/06/01 20:01:15 INFO SparkEnv: Registering MapOutputTracker","logger":"airflow.task.hooks.airflow.providers.standard.hooks.subprocess.SubprocessHook","filename":"subprocess.py","lineno":99}
{"timestamp":"2026-06-01T20:01:15.759302Z","level":"info","event":"26/06/01 20:01:15 INFO SparkEnv: Registering BlockManagerMaster","logger":"airflow.task.hooks.airflow.providers.standard.hooks.subprocess.SubprocessHook","filename":"subprocess.py","lineno":99}
{"timestamp":"2026-06-01T20:01:15.774335Z","level":"info","event":"26/06/01 20:01:15 INFO BlockManagerMasterEndpoint: Using org.apache.spark.storage.DefaultTopologyMapper for getting topology information","logger":"airflow.task.hooks.airflow.providers.standard.hooks.subprocess.SubprocessHook","filename":"subprocess.py","lineno":99}
{"timestamp":"2026-06-01T20:01:15.774504Z","level":"info","event":"26/06/01 20:01:15 INFO BlockManagerMasterEndpoint: BlockManagerMasterEndpoint up","logger":"airflow.task.hooks.airflow.providers.standard.hooks.subprocess.SubprocessHook","filename":"subprocess.py","lineno":99}
{"timestamp":"2026-06-01T20:01:15.779085Z","level":"info","event":"26/06/01 20:01:15 INFO SparkEnv: Registering BlockManagerMasterHeartbeat","logger":"airflow.task.hooks.airflow.providers.standard.hooks.subprocess.SubprocessHook","filename":"subprocess.py","lineno":99}
{"timestamp":"2026-06-01T20:01:15.798099Z","level":"info","event":"26/06/01 20:01:15 INFO DiskBlockManager: Created local directory at /tmp/blockmgr-095a9c22-57e2-4e69-a66e-36afd9a6d307","logger":"airflow.task.hooks.airflow.providers.standard.hooks.subprocess.SubprocessHook","filename":"subprocess.py","lineno":99}
{"timestamp":"2026-06-01T20:01:15.809832Z","level":"info","event":"26/06/01 20:01:15 INFO MemoryStore: MemoryStore started with capacity 434.4 MiB","logger":"airflow.task.hooks.airflow.providers.standard.hooks.subprocess.SubprocessHook","filename":"subprocess.py","lineno":99}
{"timestamp":"2026-06-01T20:01:15.822238Z","level":"info","event":"26/06/01 20:01:15 INFO SparkEnv: Registering OutputCommitCoordinator","logger":"airflow.task.hooks.airflow.providers.standard.hooks.subprocess.SubprocessHook","filename":"subprocess.py","lineno":99}
{"timestamp":"2026-06-01T20:01:15.928061Z","level":"info","event":"26/06/01 20:01:15 INFO JettyUtils: Start Jetty 0.0.0.0:4040 for SparkUI","logger":"airflow.task.hooks.airflow.providers.standard.hooks.subprocess.SubprocessHook","filename":"subprocess.py","lineno":99}
{"timestamp":"2026-06-01T20:01:15.977954Z","level":"info","event":"26/06/01 20:01:15 INFO Utils: Successfully started service 'SparkUI' on port 4040.","logger":"airflow.task.hooks.airflow.providers.standard.hooks.subprocess.SubprocessHook","filename":"subprocess.py","lineno":99}
{"timestamp":"2026-06-01T20:01:16.051030Z","level":"info","event":"26/06/01 20:01:16 INFO Executor: Starting executor ID driver on host 800f3c5b8ab8","logger":"airflow.task.hooks.airflow.providers.standard.hooks.subprocess.SubprocessHook","filename":"subprocess.py","lineno":99}
{"timestamp":"2026-06-01T20:01:16.051182Z","level":"info","event":"26/06/01 20:01:16 INFO Executor: OS info Linux, 6.6.87.2-microsoft-standard-WSL2, amd64","logger":"airflow.task.hooks.airflow.providers.standard.hooks.subprocess.SubprocessHook","filename":"subprocess.py","lineno":99}
{"timestamp":"2026-06-01T20:01:16.051238Z","level":"info","event":"26/06/01 20:01:16 INFO Executor: Java version 11.0.29","logger":"airflow.task.hooks.airflow.providers.standard.hooks.subprocess.SubprocessHook","filename":"subprocess.py","lineno":99}
{"timestamp":"2026-06-01T20:01:16.056818Z","level":"info","event":"26/06/01 20:01:16 INFO Executor: Starting executor with user classpath (userClassPathFirst = false): ''","logger":"airflow.task.hooks.airflow.providers.standard.hooks.subprocess.SubprocessHook","filename":"subprocess.py","lineno":99}
{"timestamp":"2026-06-01T20:01:16.057643Z","level":"info","event":"26/06/01 20:01:16 INFO Executor: Created or updated repl class loader org.apache.spark.util.MutableURLClassLoader@7aca8a6c for default.","logger":"airflow.task.hooks.airflow.providers.standard.hooks.subprocess.SubprocessHook","filename":"subprocess.py","lineno":99}
{"timestamp":"2026-06-01T20:01:16.076333Z","level":"info","event":"26/06/01 20:01:16 INFO Utils: Successfully started service 'org.apache.spark.network.netty.NettyBlockTransferService' on port 33431.","logger":"airflow.task.hooks.airflow.providers.standard.hooks.subprocess.SubprocessHook","filename":"subprocess.py","lineno":99}
{"timestamp":"2026-06-01T20:01:16.076493Z","level":"info","event":"26/06/01 20:01:16 INFO NettyBlockTransferService: Server created on 800f3c5b8ab8:33431","logger":"airflow.task.hooks.airflow.providers.standard.hooks.subprocess.SubprocessHook","filename":"subprocess.py","lineno":99}
{"timestamp":"2026-06-01T20:01:16.077731Z","level":"info","event":"26/06/01 20:01:16 INFO BlockManager: Using org.apache.spark.storage.RandomBlockReplicationPolicy for block replication policy","logger":"airflow.task.hooks.airflow.providers.standard.hooks.subprocess.SubprocessHook","filename":"subprocess.py","lineno":99}
{"timestamp":"2026-06-01T20:01:16.083168Z","level":"info","event":"26/06/01 20:01:16 INFO BlockManagerMaster: Registering BlockManager BlockManagerId(driver, 800f3c5b8ab8, 33431, None)","logger":"airflow.task.hooks.airflow.providers.standard.hooks.subprocess.SubprocessHook","filename":"subprocess.py","lineno":99}
{"timestamp":"2026-06-01T20:01:16.085741Z","level":"info","event":"26/06/01 20:01:16 INFO BlockManagerMasterEndpoint: Registering block manager 800f3c5b8ab8:33431 with 434.4 MiB RAM, BlockManagerId(driver, 800f3c5b8ab8, 33431, None)","logger":"airflow.task.hooks.airflow.providers.standard.hooks.subprocess.SubprocessHook","filename":"subprocess.py","lineno":99}
{"timestamp":"2026-06-01T20:01:16.087274Z","level":"info","event":"26/06/01 20:01:16 INFO BlockManagerMaster: Registered BlockManager BlockManagerId(driver, 800f3c5b8ab8, 33431, None)","logger":"airflow.task.hooks.airflow.providers.standard.hooks.subprocess.SubprocessHook","filename":"subprocess.py","lineno":99}
{"timestamp":"2026-06-01T20:01:16.088026Z","level":"info","event":"26/06/01 20:01:16 INFO BlockManager: Initialized BlockManager: BlockManagerId(driver, 800f3c5b8ab8, 33431, None)","logger":"airflow.task.hooks.airflow.providers.standard.hooks.subprocess.SubprocessHook","filename":"subprocess.py","lineno":99}
{"timestamp":"2026-06-01T20:01:16.409410Z","level":"info","event":"Dang lay danh sach duong dan file excel trong bucket = bronze, prefix = economic_report_excel_files/","logger":"airflow.task.hooks.airflow.providers.standard.hooks.subprocess.SubprocessHook","filename":"subprocess.py","lineno":99}
{"timestamp":"2026-06-01T20:01:16.409606Z","level":"info","event":"GET FILE EXCEL PATHS SUCCESSFULLY !!!!","logger":"airflow.task.hooks.airflow.providers.standard.hooks.subprocess.SubprocessHook","filename":"subprocess.py","lineno":99}
{"timestamp":"2026-06-01T20:01:16.534674Z","level":"info","event":"duyệt qua từng đường dẫn đọc file và trích xuất dữ liệu","logger":"airflow.task.hooks.airflow.providers.standard.hooks.subprocess.SubprocessHook","filename":"subprocess.py","lineno":99}
{"timestamp":"2026-06-01T20:01:16.534828Z","level":"info","event":"FILE EXCEL: YEAR : 2025, MONTH = 1","logger":"airflow.task.hooks.airflow.providers.standard.hooks.subprocess.SubprocessHook","filename":"subprocess.py","lineno":99}
{"timestamp":"2026-06-01T20:01:16.548897Z","level":"info","event":"Bắt đầu insert dữ liệu vào SILVER layer","logger":"airflow.task.hooks.airflow.providers.standard.hooks.subprocess.SubprocessHook","filename":"subprocess.py","lineno":99}
{"timestamp":"2026-06-01T20:01:16.599000Z","level":"info","event":"26/06/01 20:01:16 INFO SharedState: Setting hive.metastore.warehouse.dir ('null') to the value of spark.sql.warehouse.dir.","logger":"airflow.task.hooks.airflow.providers.standard.hooks.subprocess.SubprocessHook","filename":"subprocess.py","lineno":99}
{"timestamp":"2026-06-01T20:01:16.692083Z","level":"info","event":"26/06/01 20:01:16 WARN MetricsConfig: Cannot locate configuration: tried hadoop-metrics2-s3a-file-system.properties,hadoop-metrics2.properties","logger":"airflow.task.hooks.airflow.providers.standard.hooks.subprocess.SubprocessHook","filename":"subprocess.py","lineno":99}
{"timestamp":"2026-06-01T20:01:16.701048Z","level":"info","event":"26/06/01 20:01:16 INFO MetricsSystemImpl: Scheduled Metric snapshot period at 10 second(s).","logger":"airflow.task.hooks.airflow.providers.standard.hooks.subprocess.SubprocessHook","filename":"subprocess.py","lineno":99}
{"timestamp":"2026-06-01T20:01:16.701192Z","level":"info","event":"26/06/01 20:01:16 INFO MetricsSystemImpl: s3a-file-system metrics system started","logger":"airflow.task.hooks.airflow.providers.standard.hooks.subprocess.SubprocessHook","filename":"subprocess.py","lineno":99}
{"timestamp":"2026-06-01T20:01:17.256049Z","level":"info","event":"26/06/01 20:01:17 INFO SharedState: Warehouse path is 's3a://warehouse/'.","logger":"airflow.task.hooks.airflow.providers.standard.hooks.subprocess.SubprocessHook","filename":"subprocess.py","lineno":99}
{"timestamp":"2026-06-01T20:01:17.817727Z","level":"info","event":"AN ERROR OCCURED WHEN LOAD DF TO international_ecommerce !!!!!!!!!!!!!!","logger":"airflow.task.hooks.airflow.providers.standard.hooks.subprocess.SubprocessHook","filename":"subprocess.py","lineno":99}
{"timestamp":"2026-06-01T20:01:17.817875Z","level":"info","event":" [CANNOT_MERGE_TYPE] Can not merge type `DoubleType` and `LongType`.","logger":"airflow.task.hooks.airflow.providers.standard.hooks.subprocess.SubprocessHook","filename":"subprocess.py","lineno":99}
{"timestamp":"2026-06-01T20:01:17.817915Z","level":"info","event":"Bắt đầu insert dữ liệu vào SILVER layer","logger":"airflow.task.hooks.airflow.providers.standard.hooks.subprocess.SubprocessHook","filename":"subprocess.py","lineno":99}
{"timestamp":"2026-06-01T20:01:18.950289Z","level":"info","event":"root","logger":"airflow.task.hooks.airflow.providers.standard.hooks.subprocess.SubprocessHook","filename":"subprocess.py","lineno":99}
{"timestamp":"2026-06-01T20:01:18.950455Z","level":"info","event":" |-- product_name: string (nullable = true)","logger":"airflow.task.hooks.airflow.providers.standard.hooks.subprocess.SubprocessHook","filename":"subprocess.py","lineno":99}
{"timestamp":"2026-06-01T20:01:18.950502Z","level":"info","event":" |-- quantity: double (nullable = true)","logger":"airflow.task.hooks.airflow.providers.standard.hooks.subprocess.SubprocessHook","filename":"subprocess.py","lineno":99}
{"timestamp":"2026-06-01T20:01:18.950529Z","level":"info","event":" |-- value: double (nullable = true)","logger":"airflow.task.hooks.airflow.providers.standard.hooks.subprocess.SubprocessHook","filename":"subprocess.py","lineno":99}
{"timestamp":"2026-06-01T20:01:18.950551Z","level":"info","event":" |-- type: string (nullable = true)","logger":"airflow.task.hooks.airflow.providers.standard.hooks.subprocess.SubprocessHook","filename":"subprocess.py","lineno":99}
{"timestamp":"2026-06-01T20:01:18.950571Z","level":"info","event":" |-- quantity_unit: string (nullable = true)","logger":"airflow.task.hooks.airflow.providers.standard.hooks.subprocess.SubprocessHook","filename":"subprocess.py","lineno":99}
{"timestamp":"2026-06-01T20:01:18.950589Z","level":"info","event":" |-- unit: string (nullable = true)","logger":"airflow.task.hooks.airflow.providers.standard.hooks.subprocess.SubprocessHook","filename":"subprocess.py","lineno":99}
{"timestamp":"2026-06-01T20:01:18.950608Z","level":"info","event":" |-- month: long (nullable = true)","logger":"airflow.task.hooks.airflow.providers.standard.hooks.subprocess.SubprocessHook","filename":"subprocess.py","lineno":99}
{"timestamp":"2026-06-01T20:01:18.950628Z","level":"info","event":" |-- quarter: integer (nullable = true)","logger":"airflow.task.hooks.airflow.providers.standard.hooks.subprocess.SubprocessHook","filename":"subprocess.py","lineno":99}
{"timestamp":"2026-06-01T20:01:18.950646Z","level":"info","event":" |-- year: integer (nullable = true)","logger":"airflow.task.hooks.airflow.providers.standard.hooks.subprocess.SubprocessHook","filename":"subprocess.py","lineno":99}
{"timestamp":"2026-06-01T20:01:18.950664Z","level":"info","event":" |-- ingest_at: timestamp (nullable = true)","logger":"airflow.task.hooks.airflow.providers.standard.hooks.subprocess.SubprocessHook","filename":"subprocess.py","lineno":99}
{"timestamp":"2026-06-01T20:01:18.950684Z","level":"info","event":"","logger":"airflow.task.hooks.airflow.providers.standard.hooks.subprocess.SubprocessHook","filename":"subprocess.py","lineno":99}
{"timestamp":"2026-06-01T20:01:18.950705Z","level":"info","event":"Đang tải dữ liệu vào Silver.International_ecomerce !!!","logger":"airflow.task.hooks.airflow.providers.standard.hooks.subprocess.SubprocessHook","filename":"subprocess.py","lineno":99}
{"timestamp":"2026-06-01T20:01:19.641851Z","level":"info","event":"26/06/01 20:01:19 INFO CodeGenerator: Code generated in 151.288306 ms","logger":"airflow.task.hooks.airflow.providers.standard.hooks.subprocess.SubprocessHook","filename":"subprocess.py","lineno":99}
{"timestamp":"2026-06-01T20:01:19.696932Z","level":"info","event":"26/06/01 20:01:19 INFO SparkContext: Starting job: showString at NativeMethodAccessorImpl.java:0","logger":"airflow.task.hooks.airflow.providers.standard.hooks.subprocess.SubprocessHook","filename":"subprocess.py","lineno":99}
{"timestamp":"2026-06-01T20:01:19.710910Z","level":"info","event":"26/06/01 20:01:19 INFO DAGScheduler: Got job 0 (showString at NativeMethodAccessorImpl.java:0) with 1 output partitions","logger":"airflow.task.hooks.airflow.providers.standard.hooks.subprocess.SubprocessHook","filename":"subprocess.py","lineno":99}
{"timestamp":"2026-06-01T20:01:19.711151Z","level":"info","event":"26/06/01 20:01:19 INFO DAGScheduler: Final stage: ResultStage 0 (showString at NativeMethodAccessorImpl.java:0)","logger":"airflow.task.hooks.airflow.providers.standard.hooks.subprocess.SubprocessHook","filename":"subprocess.py","lineno":99}
{"timestamp":"2026-06-01T20:01:19.711254Z","level":"info","event":"26/06/01 20:01:19 INFO DAGScheduler: Parents of final stage: List()","logger":"airflow.task.hooks.airflow.providers.standard.hooks.subprocess.SubprocessHook","filename":"subprocess.py","lineno":99}
{"timestamp":"2026-06-01T20:01:19.715355Z","level":"info","event":"26/06/01 20:01:19 INFO DAGScheduler: Missing parents: List()","logger":"airflow.task.hooks.airflow.providers.standard.hooks.subprocess.SubprocessHook","filename":"subprocess.py","lineno":99}
{"timestamp":"2026-06-01T20:01:19.719482Z","level":"info","event":"26/06/01 20:01:19 INFO DAGScheduler: Submitting ResultStage 0 (MapPartitionsRDD[6] at showString at NativeMethodAccessorImpl.java:0), which has no missing parents","logger":"airflow.task.hooks.airflow.providers.standard.hooks.subprocess.SubprocessHook","filename":"subprocess.py","lineno":99}
{"timestamp":"2026-06-01T20:01:19.815681Z","level":"info","event":"26/06/01 20:01:19 INFO MemoryStore: Block broadcast_0 stored as values in memory (estimated size 16.1 KiB, free 434.4 MiB)","logger":"airflow.task.hooks.airflow.providers.standard.hooks.subprocess.SubprocessHook","filename":"subprocess.py","lineno":99}
{"timestamp":"2026-06-01T20:01:19.866375Z","level":"info","event":"26/06/01 20:01:19 INFO MemoryStore: Block broadcast_0_piece0 stored as bytes in memory (estimated size 7.8 KiB, free 434.4 MiB)","logger":"airflow.task.hooks.airflow.providers.standard.hooks.subprocess.SubprocessHook","filename":"subprocess.py","lineno":99}
{"timestamp":"2026-06-01T20:01:19.870157Z","level":"info","event":"26/06/01 20:01:19 INFO BlockManagerInfo: Added broadcast_0_piece0 in memory on 800f3c5b8ab8:33431 (size: 7.8 KiB, free: 434.4 MiB)","logger":"airflow.task.hooks.airflow.providers.standard.hooks.subprocess.SubprocessHook","filename":"subprocess.py","lineno":99}
{"timestamp":"2026-06-01T20:01:19.875109Z","level":"info","event":"26/06/01 20:01:19 INFO SparkContext: Created broadcast 0 from broadcast at DAGScheduler.scala:1611","logger":"airflow.task.hooks.airflow.providers.standard.hooks.subprocess.SubprocessHook","filename":"subprocess.py","lineno":99}
{"timestamp":"2026-06-01T20:01:19.891909Z","level":"info","event":"26/06/01 20:01:19 INFO DAGScheduler: Submitting 1 missing tasks from ResultStage 0 (MapPartitionsRDD[6] at showString at NativeMethodAccessorImpl.java:0) (first 15 tasks are for partitions Vector(0))","logger":"airflow.task.hooks.airflow.providers.standard.hooks.subprocess.SubprocessHook","filename":"subprocess.py","lineno":99}
{"timestamp":"2026-06-01T20:01:19.893358Z","level":"info","event":"26/06/01 20:01:19 INFO TaskSchedulerImpl: Adding task set 0.0 with 1 tasks resource profile 0","logger":"airflow.task.hooks.airflow.providers.standard.hooks.subprocess.SubprocessHook","filename":"subprocess.py","lineno":99}
{"timestamp":"2026-06-01T20:01:19.940014Z","level":"info","event":"26/06/01 20:01:19 INFO TaskSetManager: Starting task 0.0 in stage 0.0 (TID 0) (800f3c5b8ab8, executor driver, partition 0, PROCESS_LOCAL, 9150 bytes)","logger":"airflow.task.hooks.airflow.providers.standard.hooks.subprocess.SubprocessHook","filename":"subprocess.py","lineno":99}
{"timestamp":"2026-06-01T20:01:19.956722Z","level":"info","event":"26/06/01 20:01:19 INFO Executor: Running task 0.0 in stage 0.0 (TID 0)","logger":"airflow.task.hooks.airflow.providers.standard.hooks.subprocess.SubprocessHook","filename":"subprocess.py","lineno":99}
{"timestamp":"2026-06-01T20:01:20.715330Z","level":"info","event":"26/06/01 20:01:20 INFO CodeGenerator: Code generated in 68.57371 ms","logger":"airflow.task.hooks.airflow.providers.standard.hooks.subprocess.SubprocessHook","filename":"subprocess.py","lineno":99}
{"timestamp":"2026-06-01T20:01:20.825805Z","level":"info","event":"26/06/01 20:01:20 INFO PythonRunner: Times: total = 727, boot = 553, init = 173, finish = 1","logger":"airflow.task.hooks.airflow.providers.standard.hooks.subprocess.SubprocessHook","filename":"subprocess.py","lineno":99}
{"timestamp":"2026-06-01T20:01:20.914413Z","level":"info","event":"26/06/01 20:01:20 INFO Executor: Finished task 0.0 in stage 0.0 (TID 0). 2191 bytes result sent to driver","logger":"airflow.task.hooks.airflow.providers.standard.hooks.subprocess.SubprocessHook","filename":"subprocess.py","lineno":99}
{"timestamp":"2026-06-01T20:01:20.933529Z","level":"info","event":"26/06/01 20:01:20 INFO TaskSetManager: Finished task 0.0 in stage 0.0 (TID 0) in 1004 ms on 800f3c5b8ab8 (executor driver) (1/1)","logger":"airflow.task.hooks.airflow.providers.standard.hooks.subprocess.SubprocessHook","filename":"subprocess.py","lineno":99}
{"timestamp":"2026-06-01T20:01:20.938341Z","level":"info","event":"26/06/01 20:01:20 INFO TaskSchedulerImpl: Removed TaskSet 0.0, whose tasks have all completed, from pool","logger":"airflow.task.hooks.airflow.providers.standard.hooks.subprocess.SubprocessHook","filename":"subprocess.py","lineno":99}
{"timestamp":"2026-06-01T20:01:20.945998Z","level":"info","event":"26/06/01 20:01:20 INFO PythonAccumulatorV2: Connected to AccumulatorServer at host: 127.0.0.1 port: 54615","logger":"airflow.task.hooks.airflow.providers.standard.hooks.subprocess.SubprocessHook","filename":"subprocess.py","lineno":99}
{"timestamp":"2026-06-01T20:01:20.954491Z","level":"info","event":"26/06/01 20:01:20 INFO DAGScheduler: ResultStage 0 (showString at NativeMethodAccessorImpl.java:0) finished in 1.223 s","logger":"airflow.task.hooks.airflow.providers.standard.hooks.subprocess.SubprocessHook","filename":"subprocess.py","lineno":99}
{"timestamp":"2026-06-01T20:01:20.960469Z","level":"info","event":"26/06/01 20:01:20 INFO DAGScheduler: Job 0 is finished. Cancelling potential speculative or zombie tasks for this job","logger":"airflow.task.hooks.airflow.providers.standard.hooks.subprocess.SubprocessHook","filename":"subprocess.py","lineno":99}
{"timestamp":"2026-06-01T20:01:20.961506Z","level":"info","event":"26/06/01 20:01:20 INFO TaskSchedulerImpl: Killing all running tasks in stage 0: Stage finished","logger":"airflow.task.hooks.airflow.providers.standard.hooks.subprocess.SubprocessHook","filename":"subprocess.py","lineno":99}
{"timestamp":"2026-06-01T20:01:20.966380Z","level":"info","event":"26/06/01 20:01:20 INFO DAGScheduler: Job 0 finished: showString at NativeMethodAccessorImpl.java:0, took 1.268531 s","logger":"airflow.task.hooks.airflow.providers.standard.hooks.subprocess.SubprocessHook","filename":"subprocess.py","lineno":99}
{"timestamp":"2026-06-01T20:01:20.988909Z","level":"info","event":"26/06/01 20:01:20 INFO SparkContext: Starting job: showString at NativeMethodAccessorImpl.java:0","logger":"airflow.task.hooks.airflow.providers.standard.hooks.subprocess.SubprocessHook","filename":"subprocess.py","lineno":99}
{"timestamp":"2026-06-01T20:01:20.992454Z","level":"info","event":"26/06/01 20:01:20 INFO DAGScheduler: Got job 1 (showString at NativeMethodAccessorImpl.java:0) with 4 output partitions","logger":"airflow.task.hooks.airflow.providers.standard.hooks.subprocess.SubprocessHook","filename":"subprocess.py","lineno":99}
{"timestamp":"2026-06-01T20:01:20.992785Z","level":"info","event":"26/06/01 20:01:20 INFO DAGScheduler: Final stage: ResultStage 1 (showString at NativeMethodAccessorImpl.java:0)","logger":"airflow.task.hooks.airflow.providers.standard.hooks.subprocess.SubprocessHook","filename":"subprocess.py","lineno":99}
{"timestamp":"2026-06-01T20:01:20.992931Z","level":"info","event":"26/06/01 20:01:20 INFO DAGScheduler: Parents of final stage: List()","logger":"airflow.task.hooks.airflow.providers.standard.hooks.subprocess.SubprocessHook","filename":"subprocess.py","lineno":99}
{"timestamp":"2026-06-01T20:01:20.993496Z","level":"info","event":"26/06/01 20:01:20 INFO DAGScheduler: Missing parents: List()","logger":"airflow.task.hooks.airflow.providers.standard.hooks.subprocess.SubprocessHook","filename":"subprocess.py","lineno":99}
{"timestamp":"2026-06-01T20:01:20.998016Z","level":"info","event":"26/06/01 20:01:20 INFO DAGScheduler: Submitting ResultStage 1 (MapPartitionsRDD[6] at showString at NativeMethodAccessorImpl.java:0), which has no missing parents","logger":"airflow.task.hooks.airflow.providers.standard.hooks.subprocess.SubprocessHook","filename":"subprocess.py","lineno":99}
{"timestamp":"2026-06-01T20:01:21.006210Z","level":"info","event":"26/06/01 20:01:21 INFO MemoryStore: Block broadcast_1 stored as values in memory (estimated size 16.1 KiB, free 434.4 MiB)","logger":"airflow.task.hooks.airflow.providers.standard.hooks.subprocess.SubprocessHook","filename":"subprocess.py","lineno":99}
{"timestamp":"2026-06-01T20:01:21.022059Z","level":"info","event":"26/06/01 20:01:21 INFO MemoryStore: Block broadcast_1_piece0 stored as bytes in memory (estimated size 7.8 KiB, free 434.4 MiB)","logger":"airflow.task.hooks.airflow.providers.standard.hooks.subprocess.SubprocessHook","filename":"subprocess.py","lineno":99}
{"timestamp":"2026-06-01T20:01:21.024280Z","level":"info","event":"26/06/01 20:01:21 INFO BlockManagerInfo: Added broadcast_1_piece0 in memory on 800f3c5b8ab8:33431 (size: 7.8 KiB, free: 434.4 MiB)","logger":"airflow.task.hooks.airflow.providers.standard.hooks.subprocess.SubprocessHook","filename":"subprocess.py","lineno":99}
{"timestamp":"2026-06-01T20:01:21.025395Z","level":"info","event":"26/06/01 20:01:21 INFO SparkContext: Created broadcast 1 from broadcast at DAGScheduler.scala:1611","logger":"airflow.task.hooks.airflow.providers.standard.hooks.subprocess.SubprocessHook","filename":"subprocess.py","lineno":99}
{"timestamp":"2026-06-01T20:01:21.026770Z","level":"info","event":"26/06/01 20:01:21 INFO DAGScheduler: Submitting 4 missing tasks from ResultStage 1 (MapPartitionsRDD[6] at showString at NativeMethodAccessorImpl.java:0) (first 15 tasks are for partitions Vector(1, 2, 3, 4))","logger":"airflow.task.hooks.airflow.providers.standard.hooks.subprocess.SubprocessHook","filename":"subprocess.py","lineno":99}
{"timestamp":"2026-06-01T20:01:21.029522Z","level":"info","event":"26/06/01 20:01:21 INFO TaskSchedulerImpl: Adding task set 1.0 with 4 tasks resource profile 0","logger":"airflow.task.hooks.airflow.providers.standard.hooks.subprocess.SubprocessHook","filename":"subprocess.py","lineno":99}
{"timestamp":"2026-06-01T20:01:21.034543Z","level":"info","event":"26/06/01 20:01:21 INFO TaskSetManager: Starting task 0.0 in stage 1.0 (TID 1) (800f3c5b8ab8, executor driver, partition 1, PROCESS_LOCAL, 9150 bytes)","logger":"airflow.task.hooks.airflow.providers.standard.hooks.subprocess.SubprocessHook","filename":"subprocess.py","lineno":99}
{"timestamp":"2026-06-01T20:01:21.034888Z","level":"info","event":"26/06/01 20:01:21 INFO TaskSetManager: Starting task 1.0 in stage 1.0 (TID 2) (800f3c5b8ab8, executor driver, partition 2, PROCESS_LOCAL, 9144 bytes)","logger":"airflow.task.hooks.airflow.providers.standard.hooks.subprocess.SubprocessHook","filename":"subprocess.py","lineno":99}
{"timestamp":"2026-06-01T20:01:21.038783Z","level":"info","event":"26/06/01 20:01:21 INFO TaskSetManager: Starting task 2.0 in stage 1.0 (TID 3) (800f3c5b8ab8, executor driver, partition 3, PROCESS_LOCAL, 9168 bytes)","logger":"airflow.task.hooks.airflow.providers.standard.hooks.subprocess.SubprocessHook","filename":"subprocess.py","lineno":99}
{"timestamp":"2026-06-01T20:01:21.039205Z","level":"info","event":"26/06/01 20:01:21 INFO TaskSetManager: Starting task 3.0 in stage 1.0 (TID 4) (800f3c5b8ab8, executor driver, partition 4, PROCESS_LOCAL, 9216 bytes)","logger":"airflow.task.hooks.airflow.providers.standard.hooks.subprocess.SubprocessHook","filename":"subprocess.py","lineno":99}
{"timestamp":"2026-06-01T20:01:21.042544Z","level":"info","event":"26/06/01 20:01:21 INFO Executor: Running task 0.0 in stage 1.0 (TID 1)","logger":"airflow.task.hooks.airflow.providers.standard.hooks.subprocess.SubprocessHook","filename":"subprocess.py","lineno":99}
{"timestamp":"2026-06-01T20:01:21.046072Z","level":"info","event":"26/06/01 20:01:21 INFO Executor: Running task 3.0 in stage 1.0 (TID 4)","logger":"airflow.task.hooks.airflow.providers.standard.hooks.subprocess.SubprocessHook","filename":"subprocess.py","lineno":99}
{"timestamp":"2026-06-01T20:01:21.046331Z","level":"info","event":"26/06/01 20:01:21 INFO Executor: Running task 2.0 in stage 1.0 (TID 3)","logger":"airflow.task.hooks.airflow.providers.standard.hooks.subprocess.SubprocessHook","filename":"subprocess.py","lineno":99}
{"timestamp":"2026-06-01T20:01:21.051673Z","level":"info","event":"26/06/01 20:01:21 INFO Executor: Running task 1.0 in stage 1.0 (TID 2)","logger":"airflow.task.hooks.airflow.providers.standard.hooks.subprocess.SubprocessHook","filename":"subprocess.py","lineno":99}
{"timestamp":"2026-06-01T20:01:21.101200Z","level":"info","event":"26/06/01 20:01:21 INFO BlockManagerInfo: Removed broadcast_0_piece0 on 800f3c5b8ab8:33431 in memory (size: 7.8 KiB, free: 434.4 MiB)","logger":"airflow.task.hooks.airflow.providers.standard.hooks.subprocess.SubprocessHook","filename":"subprocess.py","lineno":99}
{"timestamp":"2026-06-01T20:01:21.209594Z","level":"info","event":"26/06/01 20:01:21 INFO PythonRunner: Times: total = 125, boot = -277, init = 402, finish = 0","logger":"airflow.task.hooks.airflow.providers.standard.hooks.subprocess.SubprocessHook","filename":"subprocess.py","lineno":99}
{"timestamp":"2026-06-01T20:01:21.225892Z","level":"info","event":"26/06/01 20:01:21 INFO Executor: Finished task 0.0 in stage 1.0 (TID 1). 2132 bytes result sent to driver","logger":"airflow.task.hooks.airflow.providers.standard.hooks.subprocess.SubprocessHook","filename":"subprocess.py","lineno":99}
{"timestamp":"2026-06-01T20:01:21.233623Z","level":"info","event":"26/06/01 20:01:21 INFO TaskSetManager: Finished task 0.0 in stage 1.0 (TID 1) in 199 ms on 800f3c5b8ab8 (executor driver) (1/4)","logger":"airflow.task.hooks.airflow.providers.standard.hooks.subprocess.SubprocessHook","filename":"subprocess.py","lineno":99}
{"timestamp":"2026-06-01T20:01:21.276528Z","level":"info","event":"26/06/01 20:01:21 INFO PythonRunner: Times: total = 184, boot = 8, init = 176, finish = 0","logger":"airflow.task.hooks.airflow.providers.standard.hooks.subprocess.SubprocessHook","filename":"subprocess.py","lineno":99}
{"timestamp":"2026-06-01T20:01:21.288278Z","level":"info","event":"26/06/01 20:01:21 INFO PythonRunner: Times: total = 196, boot = 15, init = 181, finish = 0","logger":"airflow.task.hooks.airflow.providers.standard.hooks.subprocess.SubprocessHook","filename":"subprocess.py","lineno":99}
{"timestamp":"2026-06-01T20:01:21.289113Z","level":"info","event":"26/06/01 20:01:21 INFO Executor: Finished task 1.0 in stage 1.0 (TID 2). 2144 bytes result sent to driver","logger":"airflow.task.hooks.airflow.providers.standard.hooks.subprocess.SubprocessHook","filename":"subprocess.py","lineno":99}
{"timestamp":"2026-06-01T20:01:21.292166Z","level":"info","event":"26/06/01 20:01:21 INFO TaskSetManager: Finished task 1.0 in stage 1.0 (TID 2) in 258 ms on 800f3c5b8ab8 (executor driver) (2/4)","logger":"airflow.task.hooks.airflow.providers.standard.hooks.subprocess.SubprocessHook","filename":"subprocess.py","lineno":99}
{"timestamp":"2026-06-01T20:01:21.295007Z","level":"info","event":"26/06/01 20:01:21 INFO PythonRunner: Times: total = 201, boot = 23, init = 178, finish = 0","logger":"airflow.task.hooks.airflow.providers.standard.hooks.subprocess.SubprocessHook","filename":"subprocess.py","lineno":99}
{"timestamp":"2026-06-01T20:01:21.297386Z","level":"info","event":"26/06/01 20:01:21 INFO Executor: Finished task 3.0 in stage 1.0 (TID 4). 2251 bytes result sent to driver","logger":"airflow.task.hooks.airflow.providers.standard.hooks.subprocess.SubprocessHook","filename":"subprocess.py","lineno":99}
{"timestamp":"2026-06-01T20:01:21.298814Z","level":"info","event":"26/06/01 20:01:21 INFO Executor: Finished task 2.0 in stage 1.0 (TID 3). 2164 bytes result sent to driver","logger":"airflow.task.hooks.airflow.providers.standard.hooks.subprocess.SubprocessHook","filename":"subprocess.py","lineno":99}
{"timestamp":"2026-06-01T20:01:21.301411Z","level":"info","event":"26/06/01 20:01:21 INFO TaskSetManager: Finished task 3.0 in stage 1.0 (TID 4) in 265 ms on 800f3c5b8ab8 (executor driver) (3/4)","logger":"airflow.task.hooks.airflow.providers.standard.hooks.subprocess.SubprocessHook","filename":"subprocess.py","lineno":99}
{"timestamp":"2026-06-01T20:01:21.303048Z","level":"info","event":"26/06/01 20:01:21 INFO TaskSetManager: Finished task 2.0 in stage 1.0 (TID 3) in 267 ms on 800f3c5b8ab8 (executor driver) (4/4)","logger":"airflow.task.hooks.airflow.providers.standard.hooks.subprocess.SubprocessHook","filename":"subprocess.py","lineno":99}
{"timestamp":"2026-06-01T20:01:21.303293Z","level":"info","event":"26/06/01 20:01:21 INFO TaskSchedulerImpl: Removed TaskSet 1.0, whose tasks have all completed, from pool","logger":"airflow.task.hooks.airflow.providers.standard.hooks.subprocess.SubprocessHook","filename":"subprocess.py","lineno":99}
{"timestamp":"2026-06-01T20:01:21.308961Z","level":"info","event":"26/06/01 20:01:21 INFO DAGScheduler: ResultStage 1 (showString at NativeMethodAccessorImpl.java:0) finished in 0.305 s","logger":"airflow.task.hooks.airflow.providers.standard.hooks.subprocess.SubprocessHook","filename":"subprocess.py","lineno":99}
{"timestamp":"2026-06-01T20:01:21.309219Z","level":"info","event":"26/06/01 20:01:21 INFO DAGScheduler: Job 1 is finished. Cancelling potential speculative or zombie tasks for this job","logger":"airflow.task.hooks.airflow.providers.standard.hooks.subprocess.SubprocessHook","filename":"subprocess.py","lineno":99}
{"timestamp":"2026-06-01T20:01:21.309307Z","level":"info","event":"26/06/01 20:01:21 INFO TaskSchedulerImpl: Killing all running tasks in stage 1: Stage finished","logger":"airflow.task.hooks.airflow.providers.standard.hooks.subprocess.SubprocessHook","filename":"subprocess.py","lineno":99}
{"timestamp":"2026-06-01T20:01:21.309360Z","level":"info","event":"26/06/01 20:01:21 INFO DAGScheduler: Job 1 finished: showString at NativeMethodAccessorImpl.java:0, took 0.320230 s","logger":"airflow.task.hooks.airflow.providers.standard.hooks.subprocess.SubprocessHook","filename":"subprocess.py","lineno":99}
{"timestamp":"2026-06-01T20:01:21.327403Z","level":"info","event":"26/06/01 20:01:21 INFO SparkContext: Starting job: showString at NativeMethodAccessorImpl.java:0","logger":"airflow.task.hooks.airflow.providers.standard.hooks.subprocess.SubprocessHook","filename":"subprocess.py","lineno":99}
{"timestamp":"2026-06-01T20:01:21.330351Z","level":"info","event":"26/06/01 20:01:21 INFO DAGScheduler: Got job 2 (showString at NativeMethodAccessorImpl.java:0) with 9 output partitions","logger":"airflow.task.hooks.airflow.providers.standard.hooks.subprocess.SubprocessHook","filename":"subprocess.py","lineno":99}
{"timestamp":"2026-06-01T20:01:21.330580Z","level":"info","event":"26/06/01 20:01:21 INFO DAGScheduler: Final stage: ResultStage 2 (showString at NativeMethodAccessorImpl.java:0)","logger":"airflow.task.hooks.airflow.providers.standard.hooks.subprocess.SubprocessHook","filename":"subprocess.py","lineno":99}
{"timestamp":"2026-06-01T20:01:21.330687Z","level":"info","event":"26/06/01 20:01:21 INFO DAGScheduler: Parents of final stage: List()","logger":"airflow.task.hooks.airflow.providers.standard.hooks.subprocess.SubprocessHook","filename":"subprocess.py","lineno":99}
{"timestamp":"2026-06-01T20:01:21.333098Z","level":"info","event":"26/06/01 20:01:21 INFO DAGScheduler: Missing parents: List()","logger":"airflow.task.hooks.airflow.providers.standard.hooks.subprocess.SubprocessHook","filename":"subprocess.py","lineno":99}
{"timestamp":"2026-06-01T20:01:21.334286Z","level":"info","event":"26/06/01 20:01:21 INFO DAGScheduler: Submitting ResultStage 2 (MapPartitionsRDD[6] at showString at NativeMethodAccessorImpl.java:0), which has no missing parents","logger":"airflow.task.hooks.airflow.providers.standard.hooks.subprocess.SubprocessHook","filename":"subprocess.py","lineno":99}
{"timestamp":"2026-06-01T20:01:21.342191Z","level":"info","event":"26/06/01 20:01:21 INFO MemoryStore: Block broadcast_2 stored as values in memory (estimated size 16.1 KiB, free 434.4 MiB)","logger":"airflow.task.hooks.airflow.providers.standard.hooks.subprocess.SubprocessHook","filename":"subprocess.py","lineno":99}
{"timestamp":"2026-06-01T20:01:21.356244Z","level":"info","event":"26/06/01 20:01:21 INFO MemoryStore: Block broadcast_2_piece0 stored as bytes in memory (estimated size 7.8 KiB, free 434.4 MiB)","logger":"airflow.task.hooks.airflow.providers.standard.hooks.subprocess.SubprocessHook","filename":"subprocess.py","lineno":99}
{"timestamp":"2026-06-01T20:01:21.359187Z","level":"info","event":"26/06/01 20:01:21 INFO BlockManagerInfo: Added broadcast_2_piece0 in memory on 800f3c5b8ab8:33431 (size: 7.8 KiB, free: 434.4 MiB)","logger":"airflow.task.hooks.airflow.providers.standard.hooks.subprocess.SubprocessHook","filename":"subprocess.py","lineno":99}
{"timestamp":"2026-06-01T20:01:21.360447Z","level":"info","event":"26/06/01 20:01:21 INFO BlockManagerInfo: Removed broadcast_1_piece0 on 800f3c5b8ab8:33431 in memory (size: 7.8 KiB, free: 434.4 MiB)","logger":"airflow.task.hooks.airflow.providers.standard.hooks.subprocess.SubprocessHook","filename":"subprocess.py","lineno":99}
{"timestamp":"2026-06-01T20:01:21.360672Z","level":"info","event":"26/06/01 20:01:21 INFO SparkContext: Created broadcast 2 from broadcast at DAGScheduler.scala:1611","logger":"airflow.task.hooks.airflow.providers.standard.hooks.subprocess.SubprocessHook","filename":"subprocess.py","lineno":99}
{"timestamp":"2026-06-01T20:01:21.361881Z","level":"info","event":"26/06/01 20:01:21 INFO DAGScheduler: Submitting 9 missing tasks from ResultStage 2 (MapPartitionsRDD[6] at showString at NativeMethodAccessorImpl.java:0) (first 15 tasks are for partitions Vector(5, 6, 7, 8, 9, 10, 11, 12, 13))","logger":"airflow.task.hooks.airflow.providers.standard.hooks.subprocess.SubprocessHook","filename":"subprocess.py","lineno":99}
{"timestamp":"2026-06-01T20:01:21.362101Z","level":"info","event":"26/06/01 20:01:21 INFO TaskSchedulerImpl: Adding task set 2.0 with 9 tasks resource profile 0","logger":"airflow.task.hooks.airflow.providers.standard.hooks.subprocess.SubprocessHook","filename":"subprocess.py","lineno":99}
{"timestamp":"2026-06-01T20:01:21.366023Z","level":"info","event":"26/06/01 20:01:21 INFO TaskSetManager: Starting task 0.0 in stage 2.0 (TID 5) (800f3c5b8ab8, executor driver, partition 5, PROCESS_LOCAL, 9331 bytes)","logger":"airflow.task.hooks.airflow.providers.standard.hooks.subprocess.SubprocessHook","filename":"subprocess.py","lineno":99}
{"timestamp":"2026-06-01T20:01:21.366758Z","level":"info","event":"26/06/01 20:01:21 INFO TaskSetManager: Starting task 1.0 in stage 2.0 (TID 6) (800f3c5b8ab8, executor driver, partition 6, PROCESS_LOCAL, 9170 bytes)","logger":"airflow.task.hooks.airflow.providers.standard.hooks.subprocess.SubprocessHook","filename":"subprocess.py","lineno":99}
{"timestamp":"2026-06-01T20:01:21.367956Z","level":"info","event":"26/06/01 20:01:21 INFO TaskSetManager: Starting task 2.0 in stage 2.0 (TID 7) (800f3c5b8ab8, executor driver, partition 7, PROCESS_LOCAL, 9160 bytes)","logger":"airflow.task.hooks.airflow.providers.standard.hooks.subprocess.SubprocessHook","filename":"subprocess.py","lineno":99}
{"timestamp":"2026-06-01T20:01:21.368806Z","level":"info","event":"26/06/01 20:01:21 INFO TaskSetManager: Starting task 3.0 in stage 2.0 (TID 8) (800f3c5b8ab8, executor driver, partition 8, PROCESS_LOCAL, 9188 bytes)","logger":"airflow.task.hooks.airflow.providers.standard.hooks.subprocess.SubprocessHook","filename":"subprocess.py","lineno":99}
{"timestamp":"2026-06-01T20:01:21.369611Z","level":"info","event":"26/06/01 20:01:21 INFO TaskSetManager: Starting task 4.0 in stage 2.0 (TID 9) (800f3c5b8ab8, executor driver, partition 9, PROCESS_LOCAL, 9195 bytes)","logger":"airflow.task.hooks.airflow.providers.standard.hooks.subprocess.SubprocessHook","filename":"subprocess.py","lineno":99}
{"timestamp":"2026-06-01T20:01:21.370999Z","level":"info","event":"26/06/01 20:01:21 INFO TaskSetManager: Starting task 5.0 in stage 2.0 (TID 10) (800f3c5b8ab8, executor driver, partition 10, PROCESS_LOCAL, 9375 bytes)","logger":"airflow.task.hooks.airflow.providers.standard.hooks.subprocess.SubprocessHook","filename":"subprocess.py","lineno":99}
{"timestamp":"2026-06-01T20:01:21.373325Z","level":"info","event":"26/06/01 20:01:21 INFO TaskSetManager: Starting task 6.0 in stage 2.0 (TID 11) (800f3c5b8ab8, executor driver, partition 11, PROCESS_LOCAL, 9190 bytes)","logger":"airflow.task.hooks.airflow.providers.standard.hooks.subprocess.SubprocessHook","filename":"subprocess.py","lineno":99}
{"timestamp":"2026-06-01T20:01:21.374506Z","level":"info","event":"26/06/01 20:01:21 INFO TaskSetManager: Starting task 7.0 in stage 2.0 (TID 12) (800f3c5b8ab8, executor driver, partition 12, PROCESS_LOCAL, 9201 bytes)","logger":"airflow.task.hooks.airflow.providers.standard.hooks.subprocess.SubprocessHook","filename":"subprocess.py","lineno":99}
{"timestamp":"2026-06-01T20:01:21.376678Z","level":"info","event":"26/06/01 20:01:21 INFO TaskSetManager: Starting task 8.0 in stage 2.0 (TID 13) (800f3c5b8ab8, executor driver, partition 13, PROCESS_LOCAL, 9212 bytes)","logger":"airflow.task.hooks.airflow.providers.standard.hooks.subprocess.SubprocessHook","filename":"subprocess.py","lineno":99}
{"timestamp":"2026-06-01T20:01:21.386307Z","level":"info","event":"26/06/01 20:01:21 INFO Executor: Running task 1.0 in stage 2.0 (TID 6)","logger":"airflow.task.hooks.airflow.providers.standard.hooks.subprocess.SubprocessHook","filename":"subprocess.py","lineno":99}
{"timestamp":"2026-06-01T20:01:21.386653Z","level":"info","event":"26/06/01 20:01:21 INFO Executor: Running task 0.0 in stage 2.0 (TID 5)","logger":"airflow.task.hooks.airflow.providers.standard.hooks.subprocess.SubprocessHook","filename":"subprocess.py","lineno":99}
{"timestamp":"2026-06-01T20:01:21.386777Z","level":"info","event":"26/06/01 20:01:21 INFO Executor: Running task 2.0 in stage 2.0 (TID 7)","logger":"airflow.task.hooks.airflow.providers.standard.hooks.subprocess.SubprocessHook","filename":"subprocess.py","lineno":99}
{"timestamp":"2026-06-01T20:01:21.386871Z","level":"info","event":"26/06/01 20:01:21 INFO Executor: Running task 3.0 in stage 2.0 (TID 8)","logger":"airflow.task.hooks.airflow.providers.standard.hooks.subprocess.SubprocessHook","filename":"subprocess.py","lineno":99}
{"timestamp":"2026-06-01T20:01:21.392063Z","level":"info","event":"26/06/01 20:01:21 INFO Executor: Running task 5.0 in stage 2.0 (TID 10)","logger":"airflow.task.hooks.airflow.providers.standard.hooks.subprocess.SubprocessHook","filename":"subprocess.py","lineno":99}
{"timestamp":"2026-06-01T20:01:21.392331Z","level":"info","event":"26/06/01 20:01:21 INFO Executor: Running task 4.0 in stage 2.0 (TID 9)","logger":"airflow.task.hooks.airflow.providers.standard.hooks.subprocess.SubprocessHook","filename":"subprocess.py","lineno":99}
{"timestamp":"2026-06-01T20:01:21.392401Z","level":"info","event":"26/06/01 20:01:21 INFO Executor: Running task 6.0 in stage 2.0 (TID 11)","logger":"airflow.task.hooks.airflow.providers.standard.hooks.subprocess.SubprocessHook","filename":"subprocess.py","lineno":99}
{"timestamp":"2026-06-01T20:01:21.407257Z","level":"info","event":"26/06/01 20:01:21 INFO Executor: Running task 7.0 in stage 2.0 (TID 12)","logger":"airflow.task.hooks.airflow.providers.standard.hooks.subprocess.SubprocessHook","filename":"subprocess.py","lineno":99}
{"timestamp":"2026-06-01T20:01:21.411862Z","level":"info","event":"26/06/01 20:01:21 INFO Executor: Running task 8.0 in stage 2.0 (TID 13)","logger":"airflow.task.hooks.airflow.providers.standard.hooks.subprocess.SubprocessHook","filename":"subprocess.py","lineno":99}
{"timestamp":"2026-06-01T20:01:21.519919Z","level":"info","event":"26/06/01 20:01:21 INFO PythonRunner: Times: total = 119, boot = -170, init = 289, finish = 0","logger":"airflow.task.hooks.airflow.providers.standard.hooks.subprocess.SubprocessHook","filename":"subprocess.py","lineno":99}
{"timestamp":"2026-06-01T20:01:21.545675Z","level":"info","event":"26/06/01 20:01:21 INFO PythonRunner: Times: total = 137, boot = -91, init = 228, finish = 0","logger":"airflow.task.hooks.airflow.providers.standard.hooks.subprocess.SubprocessHook","filename":"subprocess.py","lineno":99}
{"timestamp":"2026-06-01T20:01:21.545974Z","level":"info","event":"26/06/01 20:01:21 INFO Executor: Finished task 3.0 in stage 2.0 (TID 8). 2171 bytes result sent to driver","logger":"airflow.task.hooks.airflow.providers.standard.hooks.subprocess.SubprocessHook","filename":"subprocess.py","lineno":99}
{"timestamp":"2026-06-01T20:01:21.552890Z","level":"info","event":"26/06/01 20:01:21 INFO PythonRunner: Times: total = 124, boot = -104, init = 228, finish = 0","logger":"airflow.task.hooks.airflow.providers.standard.hooks.subprocess.SubprocessHook","filename":"subprocess.py","lineno":99}
{"timestamp":"2026-06-01T20:01:21.553131Z","level":"info","event":"26/06/01 20:01:21 INFO PythonRunner: Times: total = 131, boot = -86, init = 216, finish = 1","logger":"airflow.task.hooks.airflow.providers.standard.hooks.subprocess.SubprocessHook","filename":"subprocess.py","lineno":99}
{"timestamp":"2026-06-01T20:01:21.556729Z","level":"info","event":"26/06/01 20:01:21 INFO Executor: Finished task 4.0 in stage 2.0 (TID 9). 2170 bytes result sent to driver","logger":"airflow.task.hooks.airflow.providers.standard.hooks.subprocess.SubprocessHook","filename":"subprocess.py","lineno":99}
{"timestamp":"2026-06-01T20:01:21.559136Z","level":"info","event":"26/06/01 20:01:21 INFO Executor: Finished task 5.0 in stage 2.0 (TID 10). 2394 bytes result sent to driver","logger":"airflow.task.hooks.airflow.providers.standard.hooks.subprocess.SubprocessHook","filename":"subprocess.py","lineno":99}
{"timestamp":"2026-06-01T20:01:21.566214Z","level":"info","event":"26/06/01 20:01:21 INFO TaskSetManager: Finished task 4.0 in stage 2.0 (TID 9) in 196 ms on 800f3c5b8ab8 (executor driver) (1/9)","logger":"airflow.task.hooks.airflow.providers.standard.hooks.subprocess.SubprocessHook","filename":"subprocess.py","lineno":99}
{"timestamp":"2026-06-01T20:01:21.568856Z","level":"info","event":"26/06/01 20:01:21 INFO TaskSetManager: Finished task 5.0 in stage 2.0 (TID 10) in 197 ms on 800f3c5b8ab8 (executor driver) (2/9)","logger":"airflow.task.hooks.airflow.providers.standard.hooks.subprocess.SubprocessHook","filename":"subprocess.py","lineno":99}
{"timestamp":"2026-06-01T20:01:21.570393Z","level":"info","event":"26/06/01 20:01:21 INFO TaskSetManager: Finished task 3.0 in stage 2.0 (TID 8) in 201 ms on 800f3c5b8ab8 (executor driver) (3/9)","logger":"airflow.task.hooks.airflow.providers.standard.hooks.subprocess.SubprocessHook","filename":"subprocess.py","lineno":99}
{"timestamp":"2026-06-01T20:01:21.574283Z","level":"info","event":"26/06/01 20:01:21 INFO Executor: Finished task 1.0 in stage 2.0 (TID 6). 2200 bytes result sent to driver","logger":"airflow.task.hooks.airflow.providers.standard.hooks.subprocess.SubprocessHook","filename":"subprocess.py","lineno":99}
{"timestamp":"2026-06-01T20:01:21.602189Z","level":"info","event":"26/06/01 20:01:21 INFO TaskSetManager: Finished task 1.0 in stage 2.0 (TID 6) in 233 ms on 800f3c5b8ab8 (executor driver) (4/9)","logger":"airflow.task.hooks.airflow.providers.standard.hooks.subprocess.SubprocessHook","filename":"subprocess.py","lineno":99}
{"timestamp":"2026-06-01T20:01:21.632714Z","level":"info","event":"26/06/01 20:01:21 INFO PythonRunner: Times: total = 231, boot = 10, init = 221, finish = 0","logger":"airflow.task.hooks.airflow.providers.standard.hooks.subprocess.SubprocessHook","filename":"subprocess.py","lineno":99}
{"timestamp":"2026-06-01T20:01:21.651663Z","level":"info","event":"26/06/01 20:01:21 INFO PythonRunner: Times: total = 231, boot = 22, init = 209, finish = 0","logger":"airflow.task.hooks.airflow.providers.standard.hooks.subprocess.SubprocessHook","filename":"subprocess.py","lineno":99}
{"timestamp":"2026-06-01T20:01:21.655702Z","level":"info","event":"26/06/01 20:01:21 INFO PythonRunner: Times: total = 231, boot = 19, init = 212, finish = 0","logger":"airflow.task.hooks.airflow.providers.standard.hooks.subprocess.SubprocessHook","filename":"subprocess.py","lineno":99}
{"timestamp":"2026-06-01T20:01:21.664528Z","level":"info","event":"26/06/01 20:01:21 INFO Executor: Finished task 6.0 in stage 2.0 (TID 11). 2209 bytes result sent to driver","logger":"airflow.task.hooks.airflow.providers.standard.hooks.subprocess.SubprocessHook","filename":"subprocess.py","lineno":99}
{"timestamp":"2026-06-01T20:01:21.669234Z","level":"info","event":"26/06/01 20:01:21 INFO Executor: Finished task 2.0 in stage 2.0 (TID 7). 2210 bytes result sent to driver","logger":"airflow.task.hooks.airflow.providers.standard.hooks.subprocess.SubprocessHook","filename":"subprocess.py","lineno":99}
{"timestamp":"2026-06-01T20:01:21.670367Z","level":"info","event":"26/06/01 20:01:21 INFO Executor: Finished task 0.0 in stage 2.0 (TID 5). 2261 bytes result sent to driver","logger":"airflow.task.hooks.airflow.providers.standard.hooks.subprocess.SubprocessHook","filename":"subprocess.py","lineno":99}
{"timestamp":"2026-06-01T20:01:21.670515Z","level":"info","event":"26/06/01 20:01:21 INFO TaskSetManager: Finished task 6.0 in stage 2.0 (TID 11) in 298 ms on 800f3c5b8ab8 (executor driver) (5/9)","logger":"airflow.task.hooks.airflow.providers.standard.hooks.subprocess.SubprocessHook","filename":"subprocess.py","lineno":99}
{"timestamp":"2026-06-01T20:01:21.676671Z","level":"info","event":"26/06/01 20:01:21 INFO TaskSetManager: Finished task 0.0 in stage 2.0 (TID 5) in 311 ms on 800f3c5b8ab8 (executor driver) (6/9)","logger":"airflow.task.hooks.airflow.providers.standard.hooks.subprocess.SubprocessHook","filename":"subprocess.py","lineno":99}
{"timestamp":"2026-06-01T20:01:21.679030Z","level":"info","event":"26/06/01 20:01:21 INFO TaskSetManager: Finished task 2.0 in stage 2.0 (TID 7) in 311 ms on 800f3c5b8ab8 (executor driver) (7/9)","logger":"airflow.task.hooks.airflow.providers.standard.hooks.subprocess.SubprocessHook","filename":"subprocess.py","lineno":99}
{"timestamp":"2026-06-01T20:01:21.682454Z","level":"info","event":"26/06/01 20:01:21 INFO PythonRunner: Times: total = 245, boot = 21, init = 224, finish = 0","logger":"airflow.task.hooks.airflow.providers.standard.hooks.subprocess.SubprocessHook","filename":"subprocess.py","lineno":99}
{"timestamp":"2026-06-01T20:01:21.688581Z","level":"info","event":"26/06/01 20:01:21 INFO PythonRunner: Times: total = 260, boot = 17, init = 243, finish = 0","logger":"airflow.task.hooks.airflow.providers.standard.hooks.subprocess.SubprocessHook","filename":"subprocess.py","lineno":99}
{"timestamp":"2026-06-01T20:01:21.705500Z","level":"info","event":"26/06/01 20:01:21 INFO Executor: Finished task 7.0 in stage 2.0 (TID 12). 2174 bytes result sent to driver","logger":"airflow.task.hooks.airflow.providers.standard.hooks.subprocess.SubprocessHook","filename":"subprocess.py","lineno":99}
{"timestamp":"2026-06-01T20:01:21.712032Z","level":"info","event":"26/06/01 20:01:21 INFO Executor: Finished task 8.0 in stage 2.0 (TID 13). 2216 bytes result sent to driver","logger":"airflow.task.hooks.airflow.providers.standard.hooks.subprocess.SubprocessHook","filename":"subprocess.py","lineno":99}
{"timestamp":"2026-06-01T20:01:21.713001Z","level":"info","event":"26/06/01 20:01:21 INFO TaskSetManager: Finished task 7.0 in stage 2.0 (TID 12) in 338 ms on 800f3c5b8ab8 (executor driver) (8/9)","logger":"airflow.task.hooks.airflow.providers.standard.hooks.subprocess.SubprocessHook","filename":"subprocess.py","lineno":99}
{"timestamp":"2026-06-01T20:01:21.716072Z","level":"info","event":"26/06/01 20:01:21 INFO TaskSetManager: Finished task 8.0 in stage 2.0 (TID 13) in 339 ms on 800f3c5b8ab8 (executor driver) (9/9)","logger":"airflow.task.hooks.airflow.providers.standard.hooks.subprocess.SubprocessHook","filename":"subprocess.py","lineno":99}
{"timestamp":"2026-06-01T20:01:21.717637Z","level":"info","event":"26/06/01 20:01:21 INFO TaskSchedulerImpl: Removed TaskSet 2.0, whose tasks have all completed, from pool","logger":"airflow.task.hooks.airflow.providers.standard.hooks.subprocess.SubprocessHook","filename":"subprocess.py","lineno":99}
{"timestamp":"2026-06-01T20:01:21.718062Z","level":"info","event":"26/06/01 20:01:21 INFO DAGScheduler: ResultStage 2 (showString at NativeMethodAccessorImpl.java:0) finished in 0.379 s","logger":"airflow.task.hooks.airflow.providers.standard.hooks.subprocess.SubprocessHook","filename":"subprocess.py","lineno":99}
{"timestamp":"2026-06-01T20:01:21.721077Z","level":"info","event":"26/06/01 20:01:21 INFO DAGScheduler: Job 2 is finished. Cancelling potential speculative or zombie tasks for this job","logger":"airflow.task.hooks.airflow.providers.standard.hooks.subprocess.SubprocessHook","filename":"subprocess.py","lineno":99}
{"timestamp":"2026-06-01T20:01:21.721799Z","level":"info","event":"26/06/01 20:01:21 INFO TaskSchedulerImpl: Killing all running tasks in stage 2: Stage finished","logger":"airflow.task.hooks.airflow.providers.standard.hooks.subprocess.SubprocessHook","filename":"subprocess.py","lineno":99}
{"timestamp":"2026-06-01T20:01:21.721971Z","level":"info","event":"26/06/01 20:01:21 INFO DAGScheduler: Job 2 finished: showString at NativeMethodAccessorImpl.java:0, took 0.392391 s","logger":"airflow.task.hooks.airflow.providers.standard.hooks.subprocess.SubprocessHook","filename":"subprocess.py","lineno":99}
{"timestamp":"2026-06-01T20:01:21.995553Z","level":"info","event":"26/06/01 20:01:21 INFO BlockManagerInfo: Removed broadcast_2_piece0 on 800f3c5b8ab8:33431 in memory (size: 7.8 KiB, free: 434.4 MiB)","logger":"airflow.task.hooks.airflow.providers.standard.hooks.subprocess.SubprocessHook","filename":"subprocess.py","lineno":99}
{"timestamp":"2026-06-01T20:01:22.642319Z","level":"info","event":"26/06/01 20:01:22 INFO CodeGenerator: Code generated in 28.691806 ms","logger":"airflow.task.hooks.airflow.providers.standard.hooks.subprocess.SubprocessHook","filename":"subprocess.py","lineno":99}
{"timestamp":"2026-06-01T20:01:22.663773Z","level":"info","event":"+------+--------------------+------------------+---------+---------+-------+----+--------------------+","logger":"airflow.task.hooks.airflow.providers.standard.hooks.subprocess.SubprocessHook","filename":"subprocess.py","lineno":99}
{"timestamp":"2026-06-01T20:01:22.664088Z","level":"info","event":"|  type|        product_name|             value|     unit| quantity|quarter|year|           ingest_at|","logger":"airflow.task.hooks.airflow.providers.standard.hooks.subprocess.SubprocessHook","filename":"subprocess.py","lineno":99}
{"timestamp":"2026-06-01T20:01:22.664261Z","level":"info","event":"+------+--------------------+------------------+---------+---------+-------+----+--------------------+","logger":"airflow.task.hooks.airflow.providers.standard.hooks.subprocess.SubprocessHook","filename":"subprocess.py","lineno":99}
{"timestamp":"2026-06-01T20:01:22.664297Z","level":"info","event":"|Export|            Thủy sản|10040.016232999998|Triệu USD|      NaN|      1|2025|2026-06-01 20:01:...|","logger":"airflow.task.hooks.airflow.providers.standard.hooks.subprocess.SubprocessHook","filename":"subprocess.py","lineno":99}
{"timestamp":"2026-06-01T20:01:22.664335Z","level":"info","event":"|Export|             Rau quả|       7148.390754|Triệu USD|      NaN|      1|2025|2026-06-01 20:01:...|","logger":"airflow.task.hooks.airflow.providers.standard.hooks.subprocess.SubprocessHook","filename":"subprocess.py","lineno":99}
{"timestamp":"2026-06-01T20:01:22.664369Z","level":"info","event":"|Export|            Hạt điều|       4343.477216|Triệu USD|  723.808|      1|2025|2026-06-01 20:01:...|","logger":"airflow.task.hooks.airflow.providers.standard.hooks.subprocess.SubprocessHook","filename":"subprocess.py","lineno":99}
{"timestamp":"2026-06-01T20:01:22.664401Z","level":"info","event":"|Export|              Cà phê| 5620.173588000001|Triệu USD| 1345.202|      1|2025|2026-06-01 20:01:...|","logger":"airflow.task.hooks.airflow.providers.standard.hooks.subprocess.SubprocessHook","filename":"subprocess.py","lineno":99}
{"timestamp":"2026-06-01T20:01:22.664434Z","level":"info","event":"|Export|                 Chè|        256.411294|Triệu USD|  146.107|      1|2025|2026-06-01 20:01:...|","logger":"airflow.task.hooks.airflow.providers.standard.hooks.subprocess.SubprocessHook","filename":"subprocess.py","lineno":99}
{"timestamp":"2026-06-01T20:01:22.664528Z","level":"info","event":"|Export|            Hạt tiêu|       1314.601967|Triệu USD|  249.384|      1|2025|2026-06-01 20:01:...|","logger":"airflow.task.hooks.airflow.providers.standard.hooks.subprocess.SubprocessHook","filename":"subprocess.py","lineno":99}
{"timestamp":"2026-06-01T20:01:22.664567Z","level":"info","event":"|Export|                 Gạo|       5666.120868|Triệu USD| 9034.164|      1|2025|2026-06-01 20:01:...|","logger":"airflow.task.hooks.airflow.providers.standard.hooks.subprocess.SubprocessHook","filename":"subprocess.py","lineno":99}
{"timestamp":"2026-06-01T20:01:22.664603Z","level":"info","event":"|Export|Sắn và sản phẩm c...|       1155.709479|Triệu USD| 2623.968|      1|2025|2026-06-01 20:01:...|","logger":"airflow.task.hooks.airflow.providers.standard.hooks.subprocess.SubprocessHook","filename":"subprocess.py","lineno":99}
{"timestamp":"2026-06-01T20:01:22.664638Z","level":"info","event":"|Export|Bánh kẹo và các s...|1231.5520020000001|Triệu USD|      NaN|      1|2025|2026-06-01 20:01:...|","logger":"airflow.task.hooks.airflow.providers.standard.hooks.subprocess.SubprocessHook","filename":"subprocess.py","lineno":99}
{"timestamp":"2026-06-01T20:01:22.664670Z","level":"info","event":"|Export|Thức ăn gia súc v...|       1038.358282|Triệu USD|      NaN|      1|2025|2026-06-01 20:01:...|","logger":"airflow.task.hooks.airflow.providers.standard.hooks.subprocess.SubprocessHook","filename":"subprocess.py","lineno":99}
{"timestamp":"2026-06-01T20:01:22.664704Z","level":"info","event":"|Export|  Clanhke và xi măng|       1136.504876|Triệu USD|29682.139|      1|2025|2026-06-01 20:01:...|","logger":"airflow.task.hooks.airflow.providers.standard.hooks.subprocess.SubprocessHook","filename":"subprocess.py","lineno":99}
{"timestamp":"2026-06-01T20:01:22.664737Z","level":"info","event":"|Export|             Dầu thô|       1733.620318|Triệu USD| 2596.319|      1|2025|2026-06-01 20:01:...|","logger":"airflow.task.hooks.airflow.providers.standard.hooks.subprocess.SubprocessHook","filename":"subprocess.py","lineno":99}
{"timestamp":"2026-06-01T20:01:22.664772Z","level":"info","event":"|Export|            Xăng dầu|       1926.626873|Triệu USD| 2406.081|      1|2025|2026-06-01 20:01:...|","logger":"airflow.task.hooks.airflow.providers.standard.hooks.subprocess.SubprocessHook","filename":"subprocess.py","lineno":99}
{"timestamp":"2026-06-01T20:01:22.664808Z","level":"info","event":"|Export|            Hóa chất|       2767.097839|Triệu USD|      NaN|      1|2025|2026-06-01 20:01:...|","logger":"airflow.task.hooks.airflow.providers.standard.hooks.subprocess.SubprocessHook","filename":"subprocess.py","lineno":99}
{"timestamp":"2026-06-01T20:01:22.664849Z","level":"info","event":"|Export|         SP hóa chất|       2708.776053|Triệu USD|      NaN|      1|2025|2026-06-01 20:01:...|","logger":"airflow.task.hooks.airflow.providers.standard.hooks.subprocess.SubprocessHook","filename":"subprocess.py","lineno":99}
{"timestamp":"2026-06-01T20:01:22.664889Z","level":"info","event":"|Export|Chất dẻo nguyên liệu|       2630.810933|Triệu USD| 2397.116|      1|2025|2026-06-01 20:01:...|","logger":"airflow.task.hooks.airflow.providers.standard.hooks.subprocess.SubprocessHook","filename":"subprocess.py","lineno":99}
{"timestamp":"2026-06-01T20:01:22.664933Z","level":"info","event":"|Export|   Sản phẩm chất dẻo|        6725.30011|Triệu USD|      NaN|      1|2025|2026-06-01 20:01:...|","logger":"airflow.task.hooks.airflow.providers.standard.hooks.subprocess.SubprocessHook","filename":"subprocess.py","lineno":99}
{"timestamp":"2026-06-01T20:01:22.664970Z","level":"info","event":"|Export|              Cao su|3419.5024449999996|Triệu USD| 2010.178|      1|2025|2026-06-01 20:01:...|","logger":"airflow.task.hooks.airflow.providers.standard.hooks.subprocess.SubprocessHook","filename":"subprocess.py","lineno":99}
{"timestamp":"2026-06-01T20:01:22.665007Z","level":"info","event":"|Export|  Sản phẩm từ cao su|       1225.861802|Triệu USD|      NaN|      1|2025|2026-06-01 20:01:...|","logger":"airflow.task.hooks.airflow.providers.standard.hooks.subprocess.SubprocessHook","filename":"subprocess.py","lineno":99}
{"timestamp":"2026-06-01T20:01:22.665042Z","level":"info","event":"|Export|Túi xách, ví, va ...|       4250.074198|Triệu USD|      NaN|      1|2025|2026-06-01 20:01:...|","logger":"airflow.task.hooks.airflow.providers.standard.hooks.subprocess.SubprocessHook","filename":"subprocess.py","lineno":99}
{"timestamp":"2026-06-01T20:01:22.665080Z","level":"info","event":"+------+--------------------+------------------+---------+---------+-------+----+--------------------+","logger":"airflow.task.hooks.airflow.providers.standard.hooks.subprocess.SubprocessHook","filename":"subprocess.py","lineno":99}
{"timestamp":"2026-06-01T20:01:22.665115Z","level":"info","event":"only showing top 20 rows","logger":"airflow.task.hooks.airflow.providers.standard.hooks.subprocess.SubprocessHook","filename":"subprocess.py","lineno":99}
{"timestamp":"2026-06-01T20:01:22.665153Z","level":"info","event":"","logger":"airflow.task.hooks.airflow.providers.standard.hooks.subprocess.SubprocessHook","filename":"subprocess.py","lineno":99}
{"timestamp":"2026-06-01T20:01:22.921347Z","level":"info","event":"26/06/01 20:01:22 INFO HiveConf: Found configuration file null","logger":"airflow.task.hooks.airflow.providers.standard.hooks.subprocess.SubprocessHook","filename":"subprocess.py","lineno":99}
{"timestamp":"2026-06-01T20:01:22.939071Z","level":"info","event":"26/06/01 20:01:22 INFO HiveUtils: Initializing HiveMetastoreConnection version 2.3.9 using Spark classes.","logger":"airflow.task.hooks.airflow.providers.standard.hooks.subprocess.SubprocessHook","filename":"subprocess.py","lineno":99}
{"timestamp":"2026-06-01T20:01:23.191705Z","level":"info","event":"26/06/01 20:01:23 INFO HiveClientImpl: Warehouse location for Hive client (version 2.3.9) is s3a://warehouse/","logger":"airflow.task.hooks.airflow.providers.standard.hooks.subprocess.SubprocessHook","filename":"subprocess.py","lineno":99}
{"timestamp":"2026-06-01T20:01:23.229143Z","level":"info","event":"26/06/01 20:01:23 INFO metastore: Trying to connect to metastore with URI thrift://hive:9083","logger":"airflow.task.hooks.airflow.providers.standard.hooks.subprocess.SubprocessHook","filename":"subprocess.py","lineno":99}
{"timestamp":"2026-06-01T20:01:23.247773Z","level":"info","event":"26/06/01 20:01:23 INFO metastore: Opened a connection to metastore, current connections: 1","logger":"airflow.task.hooks.airflow.providers.standard.hooks.subprocess.SubprocessHook","filename":"subprocess.py","lineno":99}
{"timestamp":"2026-06-01T20:01:23.273477Z","level":"info","event":"26/06/01 20:01:23 INFO metastore: Connected to metastore.","logger":"airflow.task.hooks.airflow.providers.standard.hooks.subprocess.SubprocessHook","filename":"subprocess.py","lineno":99}
{"timestamp":"2026-06-01T20:01:23.571307Z","level":"info","event":"26/06/01 20:01:23 INFO DelegatingLogStore: LogStore `LogStoreAdapter(io.delta.storage.S3SingleDriverLogStore)` is used for scheme `s3a`","logger":"airflow.task.hooks.airflow.providers.standard.hooks.subprocess.SubprocessHook","filename":"subprocess.py","lineno":99}
{"timestamp":"2026-06-01T20:01:23.780854Z","level":"info","event":"26/06/01 20:01:23 INFO DeltaLog: Loading version 0.","logger":"airflow.task.hooks.airflow.providers.standard.hooks.subprocess.SubprocessHook","filename":"subprocess.py","lineno":99}
{"timestamp":"2026-06-01T20:01:24.360712Z","level":"info","event":"26/06/01 20:01:24 INFO DeltaLogFileIndex: Created DeltaLogFileIndex(JSON, numFilesInSegment: 1, totalFileSize: 1420)","logger":"airflow.task.hooks.airflow.providers.standard.hooks.subprocess.SubprocessHook","filename":"subprocess.py","lineno":99}
{"timestamp":"2026-06-01T20:01:24.736104Z","level":"info","event":"26/06/01 20:01:24 INFO DataSourceStrategy: Pruning directories with:","logger":"airflow.task.hooks.airflow.providers.standard.hooks.subprocess.SubprocessHook","filename":"subprocess.py","lineno":99}
{"timestamp":"2026-06-01T20:01:24.757574Z","level":"info","event":"26/06/01 20:01:24 INFO FileSourceStrategy: Pushed Filters:","logger":"airflow.task.hooks.airflow.providers.standard.hooks.subprocess.SubprocessHook","filename":"subprocess.py","lineno":99}
{"timestamp":"2026-06-01T20:01:24.759628Z","level":"info","event":"26/06/01 20:01:24 INFO FileSourceStrategy: Post-Scan Filters: ((isnotnull(protocol#102.minReaderVersion) OR isnotnull(metaData#101.id)) OR (isnotnull(commitInfo#103.inCommitTimestamp) AND (version#104L = 0)))","logger":"airflow.task.hooks.airflow.providers.standard.hooks.subprocess.SubprocessHook","filename":"subprocess.py","lineno":99}
{"timestamp":"2026-06-01T20:01:24.913122Z","level":"info","event":"26/06/01 20:01:24 INFO CodeGenerator: Code generated in 89.445117 ms","logger":"airflow.task.hooks.airflow.providers.standard.hooks.subprocess.SubprocessHook","filename":"subprocess.py","lineno":99}
{"timestamp":"2026-06-01T20:01:24.927679Z","level":"info","event":"26/06/01 20:01:24 INFO MemoryStore: Block broadcast_3 stored as values in memory (estimated size 202.2 KiB, free 434.2 MiB)","logger":"airflow.task.hooks.airflow.providers.standard.hooks.subprocess.SubprocessHook","filename":"subprocess.py","lineno":99}
{"timestamp":"2026-06-01T20:01:24.948078Z","level":"info","event":"26/06/01 20:01:24 INFO MemoryStore: Block broadcast_3_piece0 stored as bytes in memory (estimated size 35.0 KiB, free 434.2 MiB)","logger":"airflow.task.hooks.airflow.providers.standard.hooks.subprocess.SubprocessHook","filename":"subprocess.py","lineno":99}
{"timestamp":"2026-06-01T20:01:24.948829Z","level":"info","event":"26/06/01 20:01:24 INFO BlockManagerInfo: Added broadcast_3_piece0 in memory on 800f3c5b8ab8:33431 (size: 35.0 KiB, free: 434.4 MiB)","logger":"airflow.task.hooks.airflow.providers.standard.hooks.subprocess.SubprocessHook","filename":"subprocess.py","lineno":99}
{"timestamp":"2026-06-01T20:01:24.949657Z","level":"info","event":"26/06/01 20:01:24 INFO SparkContext: Created broadcast 3 from $anonfun$recordDeltaOperationInternal$1 at DatabricksLogging.scala:128","logger":"airflow.task.hooks.airflow.providers.standard.hooks.subprocess.SubprocessHook","filename":"subprocess.py","lineno":99}
{"timestamp":"2026-06-01T20:01:24.990390Z","level":"info","event":"26/06/01 20:01:24 INFO FileSourceScanExec: Planning scan with bin packing, max size: 4194304 bytes, open cost is considered as scanning 4194304 bytes.","logger":"airflow.task.hooks.airflow.providers.standard.hooks.subprocess.SubprocessHook","filename":"subprocess.py","lineno":99}
{"timestamp":"2026-06-01T20:01:25.039575Z","level":"info","event":"26/06/01 20:01:25 INFO SparkContext: Starting job: $anonfun$recordDeltaOperationInternal$1 at DatabricksLogging.scala:128","logger":"airflow.task.hooks.airflow.providers.standard.hooks.subprocess.SubprocessHook","filename":"subprocess.py","lineno":99}
{"timestamp":"2026-06-01T20:01:25.040458Z","level":"info","event":"26/06/01 20:01:25 INFO DAGScheduler: Got job 3 ($anonfun$recordDeltaOperationInternal$1 at DatabricksLogging.scala:128) with 1 output partitions","logger":"airflow.task.hooks.airflow.providers.standard.hooks.subprocess.SubprocessHook","filename":"subprocess.py","lineno":99}
{"timestamp":"2026-06-01T20:01:25.040659Z","level":"info","event":"26/06/01 20:01:25 INFO DAGScheduler: Final stage: ResultStage 3 ($anonfun$recordDeltaOperationInternal$1 at DatabricksLogging.scala:128)","logger":"airflow.task.hooks.airflow.providers.standard.hooks.subprocess.SubprocessHook","filename":"subprocess.py","lineno":99}
{"timestamp":"2026-06-01T20:01:25.040745Z","level":"info","event":"26/06/01 20:01:25 INFO DAGScheduler: Parents of final stage: List()","logger":"airflow.task.hooks.airflow.providers.standard.hooks.subprocess.SubprocessHook","filename":"subprocess.py","lineno":99}
{"timestamp":"2026-06-01T20:01:25.040800Z","level":"info","event":"26/06/01 20:01:25 INFO DAGScheduler: Missing parents: List()","logger":"airflow.task.hooks.airflow.providers.standard.hooks.subprocess.SubprocessHook","filename":"subprocess.py","lineno":99}
{"timestamp":"2026-06-01T20:01:25.043123Z","level":"info","event":"26/06/01 20:01:25 INFO DAGScheduler: Submitting ResultStage 3 (MapPartitionsRDD[10] at $anonfun$recordDeltaOperationInternal$1 at DatabricksLogging.scala:128), which has no missing parents","logger":"airflow.task.hooks.airflow.providers.standard.hooks.subprocess.SubprocessHook","filename":"subprocess.py","lineno":99}
{"timestamp":"2026-06-01T20:01:25.048651Z","level":"info","event":"26/06/01 20:01:25 INFO MemoryStore: Block broadcast_4 stored as values in memory (estimated size 55.2 KiB, free 434.1 MiB)","logger":"airflow.task.hooks.airflow.providers.standard.hooks.subprocess.SubprocessHook","filename":"subprocess.py","lineno":99}
{"timestamp":"2026-06-01T20:01:25.058915Z","level":"info","event":"26/06/01 20:01:25 INFO MemoryStore: Block broadcast_4_piece0 stored as bytes in memory (estimated size 17.1 KiB, free 434.1 MiB)","logger":"airflow.task.hooks.airflow.providers.standard.hooks.subprocess.SubprocessHook","filename":"subprocess.py","lineno":99}
{"timestamp":"2026-06-01T20:01:25.060713Z","level":"info","event":"26/06/01 20:01:25 INFO BlockManagerInfo: Added broadcast_4_piece0 in memory on 800f3c5b8ab8:33431 (size: 17.1 KiB, free: 434.3 MiB)","logger":"airflow.task.hooks.airflow.providers.standard.hooks.subprocess.SubprocessHook","filename":"subprocess.py","lineno":99}
{"timestamp":"2026-06-01T20:01:25.061611Z","level":"info","event":"26/06/01 20:01:25 INFO SparkContext: Created broadcast 4 from broadcast at DAGScheduler.scala:1611","logger":"airflow.task.hooks.airflow.providers.standard.hooks.subprocess.SubprocessHook","filename":"subprocess.py","lineno":99}
{"timestamp":"2026-06-01T20:01:25.062646Z","level":"info","event":"26/06/01 20:01:25 INFO DAGScheduler: Submitting 1 missing tasks from ResultStage 3 (MapPartitionsRDD[10] at $anonfun$recordDeltaOperationInternal$1 at DatabricksLogging.scala:128) (first 15 tasks are for partitions Vector(0))","logger":"airflow.task.hooks.airflow.providers.standard.hooks.subprocess.SubprocessHook","filename":"subprocess.py","lineno":99}
{"timestamp":"2026-06-01T20:01:25.062826Z","level":"info","event":"26/06/01 20:01:25 INFO TaskSchedulerImpl: Adding task set 3.0 with 1 tasks resource profile 0","logger":"airflow.task.hooks.airflow.providers.standard.hooks.subprocess.SubprocessHook","filename":"subprocess.py","lineno":99}
{"timestamp":"2026-06-01T20:01:25.070248Z","level":"info","event":"26/06/01 20:01:25 INFO TaskSetManager: Starting task 0.0 in stage 3.0 (TID 14) (800f3c5b8ab8, executor driver, partition 0, PROCESS_LOCAL, 9686 bytes)","logger":"airflow.task.hooks.airflow.providers.standard.hooks.subprocess.SubprocessHook","filename":"subprocess.py","lineno":99}
{"timestamp":"2026-06-01T20:01:25.071654Z","level":"info","event":"26/06/01 20:01:25 INFO Executor: Running task 0.0 in stage 3.0 (TID 14)","logger":"airflow.task.hooks.airflow.providers.standard.hooks.subprocess.SubprocessHook","filename":"subprocess.py","lineno":99}
{"timestamp":"2026-06-01T20:01:25.181271Z","level":"info","event":"26/06/01 20:01:25 INFO CodeGenerator: Code generated in 53.063535 ms","logger":"airflow.task.hooks.airflow.providers.standard.hooks.subprocess.SubprocessHook","filename":"subprocess.py","lineno":99}
{"timestamp":"2026-06-01T20:01:25.183734Z","level":"info","event":"26/06/01 20:01:25 INFO FileScanRDD: Reading File path: s3a://silver/international_ecommerce/_delta_log/00000000000000000000.json, range: 0-1420, partition values: [0]","logger":"airflow.task.hooks.airflow.providers.standard.hooks.subprocess.SubprocessHook","filename":"subprocess.py","lineno":99}
{"timestamp":"2026-06-01T20:01:25.220077Z","level":"info","event":"26/06/01 20:01:25 INFO CodeGenerator: Code generated in 24.147365 ms","logger":"airflow.task.hooks.airflow.providers.standard.hooks.subprocess.SubprocessHook","filename":"subprocess.py","lineno":99}
{"timestamp":"2026-06-01T20:01:25.364224Z","level":"info","event":"26/06/01 20:01:25 INFO Executor: Finished task 0.0 in stage 3.0 (TID 14). 2077 bytes result sent to driver","logger":"airflow.task.hooks.airflow.providers.standard.hooks.subprocess.SubprocessHook","filename":"subprocess.py","lineno":99}
{"timestamp":"2026-06-01T20:01:25.366440Z","level":"info","event":"26/06/01 20:01:25 INFO TaskSetManager: Finished task 0.0 in stage 3.0 (TID 14) in 301 ms on 800f3c5b8ab8 (executor driver) (1/1)","logger":"airflow.task.hooks.airflow.providers.standard.hooks.subprocess.SubprocessHook","filename":"subprocess.py","lineno":99}
{"timestamp":"2026-06-01T20:01:25.366729Z","level":"info","event":"26/06/01 20:01:25 INFO TaskSchedulerImpl: Removed TaskSet 3.0, whose tasks have all completed, from pool","logger":"airflow.task.hooks.airflow.providers.standard.hooks.subprocess.SubprocessHook","filename":"subprocess.py","lineno":99}
{"timestamp":"2026-06-01T20:01:25.367567Z","level":"info","event":"26/06/01 20:01:25 INFO DAGScheduler: ResultStage 3 ($anonfun$recordDeltaOperationInternal$1 at DatabricksLogging.scala:128) finished in 0.321 s","logger":"airflow.task.hooks.airflow.providers.standard.hooks.subprocess.SubprocessHook","filename":"subprocess.py","lineno":99}
{"timestamp":"2026-06-01T20:01:25.367753Z","level":"info","event":"26/06/01 20:01:25 INFO DAGScheduler: Job 3 is finished. Cancelling potential speculative or zombie tasks for this job","logger":"airflow.task.hooks.airflow.providers.standard.hooks.subprocess.SubprocessHook","filename":"subprocess.py","lineno":99}
{"timestamp":"2026-06-01T20:01:25.367841Z","level":"info","event":"26/06/01 20:01:25 INFO TaskSchedulerImpl: Killing all running tasks in stage 3: Stage finished","logger":"airflow.task.hooks.airflow.providers.standard.hooks.subprocess.SubprocessHook","filename":"subprocess.py","lineno":99}
{"timestamp":"2026-06-01T20:01:25.368133Z","level":"info","event":"26/06/01 20:01:25 INFO DAGScheduler: Job 3 finished: $anonfun$recordDeltaOperationInternal$1 at DatabricksLogging.scala:128, took 0.329586 s","logger":"airflow.task.hooks.airflow.providers.standard.hooks.subprocess.SubprocessHook","filename":"subprocess.py","lineno":99}
{"timestamp":"2026-06-01T20:01:25.432749Z","level":"info","event":"26/06/01 20:01:25 INFO CodeGenerator: Code generated in 35.93436 ms","logger":"airflow.task.hooks.airflow.providers.standard.hooks.subprocess.SubprocessHook","filename":"subprocess.py","lineno":99}
{"timestamp":"2026-06-01T20:01:25.522145Z","level":"info","event":"26/06/01 20:01:25 INFO Snapshot: [tableId=bcf0c614-2851-45f3-9f06-79bc04b43a40] Created snapshot Snapshot(path=s3a://silver/international_ecommerce/_delta_log, version=0, metadata=Metadata(42575ecc-f55b-4a4d-92a8-45c3642fd63b,null,null,Format(parquet,Map()),{\"type\":\"struct\",\"fields\":[{\"name\":\"product_name\",\"type\":\"string\",\"nullable\":true,\"metadata\":{}},{\"name\":\"type\",\"type\":\"string\",\"nullable\":true,\"metadata\":{}},{\"name\":\"value\",\"type\":\"double\",\"nullable\":true,\"metadata\":{}},{\"name\":\"unit\",\"type\":\"string\",\"nullable\":true,\"metadata\":{}},{\"name\":\"quantity\",\"type\":\"integer\",\"nullable\":true,\"metadata\":{}},{\"name\":\"quantity_unit\",\"type\":\"string\",\"nullable\":true,\"metadata\":{}},{\"name\":\"month\",\"type\":\"integer\",\"nullable\":true,\"metadata\":{}},{\"name\":\"quarter\",\"type\":\"integer\",\"nullable\":true,\"metadata\":{}},{\"name\":\"year\",\"type\":\"integer\",\"nullable\":true,\"metadata\":{}},{\"name\":\"ingest_at\",\"type\":\"timestamp\",\"nullable\":true,\"metadata\":{}}]},List(),Map(),Some(1780343164882)), logSegment=LogSegment(s3a://silver/international_ecommerce/_delta_log,0,WrappedArray(S3AFileStatus{path=s3a://silver/international_ecommerce/_delta_log/00000000000000000000.json; isDirectory=false; length=1420; replication=1; blocksize=33554432; modification_time=1780343164957; access_time=0; owner=spark; group=spark; permission=rw-rw-rw-; isSymlink=false; hasAcl=false; isEncrypted=true; isErasureCoded=false} isEmptyDirectory=FALSE eTag=d8be94176ef7287c59d571acf760c13b versionId=null),org.apache.spark.sql.delta.EmptyCheckpointProvider$@1af34a86,1780343164957), checksumOpt=None)","logger":"airflow.task.hooks.airflow.providers.standard.hooks.subprocess.SubprocessHook","filename":"subprocess.py","lineno":99}
{"timestamp":"2026-06-01T20:01:25.535853Z","level":"info","event":"26/06/01 20:01:25 INFO DeltaLog: Updated snapshot to Snapshot(path=s3a://silver/international_ecommerce/_delta_log, version=0, metadata=Metadata(42575ecc-f55b-4a4d-92a8-45c3642fd63b,null,null,Format(parquet,Map()),{\"type\":\"struct\",\"fields\":[{\"name\":\"product_name\",\"type\":\"string\",\"nullable\":true,\"metadata\":{}},{\"name\":\"type\",\"type\":\"string\",\"nullable\":true,\"metadata\":{}},{\"name\":\"value\",\"type\":\"double\",\"nullable\":true,\"metadata\":{}},{\"name\":\"unit\",\"type\":\"string\",\"nullable\":true,\"metadata\":{}},{\"name\":\"quantity\",\"type\":\"integer\",\"nullable\":true,\"metadata\":{}},{\"name\":\"quantity_unit\",\"type\":\"string\",\"nullable\":true,\"metadata\":{}},{\"name\":\"month\",\"type\":\"integer\",\"nullable\":true,\"metadata\":{}},{\"name\":\"quarter\",\"type\":\"integer\",\"nullable\":true,\"metadata\":{}},{\"name\":\"year\",\"type\":\"integer\",\"nullable\":true,\"metadata\":{}},{\"name\":\"ingest_at\",\"type\":\"timestamp\",\"nullable\":true,\"metadata\":{}}]},List(),Map(),Some(1780343164882)), logSegment=LogSegment(s3a://silver/international_ecommerce/_delta_log,0,WrappedArray(S3AFileStatus{path=s3a://silver/international_ecommerce/_delta_log/00000000000000000000.json; isDirectory=false; length=1420; replication=1; blocksize=33554432; modification_time=1780343164957; access_time=0; owner=spark; group=spark; permission=rw-rw-rw-; isSymlink=false; hasAcl=false; isEncrypted=true; isErasureCoded=false} isEmptyDirectory=FALSE eTag=d8be94176ef7287c59d571acf760c13b versionId=null),org.apache.spark.sql.delta.EmptyCheckpointProvider$@1af34a86,1780343164957), checksumOpt=None)","logger":"airflow.task.hooks.airflow.providers.standard.hooks.subprocess.SubprocessHook","filename":"subprocess.py","lineno":99}
{"timestamp":"2026-06-01T20:01:25.771048Z","level":"info","event":"AN ERROR OCCURED WHEN LOAD DF TO international_ecommerce !!!!!!!!!!!!!!","logger":"airflow.task.hooks.airflow.providers.standard.hooks.subprocess.SubprocessHook","filename":"subprocess.py","lineno":99}
{"timestamp":"2026-06-01T20:01:25.771217Z","level":"info","event":" [DELTA_FAILED_TO_MERGE_FIELDS] Failed to merge fields 'quantity' and 'quantity'","logger":"airflow.task.hooks.airflow.providers.standard.hooks.subprocess.SubprocessHook","filename":"subprocess.py","lineno":99}
{"timestamp":"2026-06-01T20:01:25.880650Z","level":"info","event":"KHONG TIM THAY SHEET BAO CAO VDTTXH TRONG EXCEL FILE: year_2025, month_1 !!!!!!!!!","logger":"airflow.task.hooks.airflow.providers.standard.hooks.subprocess.SubprocessHook","filename":"subprocess.py","lineno":99}
{"timestamp":"2026-06-01T20:01:25.893666Z","level":"info","event":"Traceback (most recent call last):","logger":"airflow.task.hooks.airflow.providers.standard.hooks.subprocess.SubprocessHook","filename":"subprocess.py","lineno":99}
{"timestamp":"2026-06-01T20:01:25.893815Z","level":"info","event":"  File \"/opt/spark/apps/Extract_Data_From_Excel_Reports.py\", line 901, in <module>","logger":"airflow.task.hooks.airflow.providers.standard.hooks.subprocess.SubprocessHook","filename":"subprocess.py","lineno":99}
{"timestamp":"2026-06-01T20:01:25.897028Z","level":"info","event":"    main_func()","logger":"airflow.task.hooks.airflow.providers.standard.hooks.subprocess.SubprocessHook","filename":"subprocess.py","lineno":99}
{"timestamp":"2026-06-01T20:01:25.897131Z","level":"info","event":"  File \"/opt/spark/apps/Extract_Data_From_Excel_Reports.py\", line 898, in main_func","logger":"airflow.task.hooks.airflow.providers.standard.hooks.subprocess.SubprocessHook","filename":"subprocess.py","lineno":99}
{"timestamp":"2026-06-01T20:01:25.900937Z","level":"info","event":"    extract_data_for_Product_Productivity_fact(excel_file, year, month)","logger":"airflow.task.hooks.airflow.providers.standard.hooks.subprocess.SubprocessHook","filename":"subprocess.py","lineno":99}
{"timestamp":"2026-06-01T20:01:25.901062Z","level":"info","event":"  File \"/opt/spark/apps/Extract_Data_From_Excel_Reports.py\", line 514, in extract_data_for_Product_Productivity_fact","logger":"airflow.task.hooks.airflow.providers.standard.hooks.subprocess.SubprocessHook","filename":"subprocess.py","lineno":99}
{"timestamp":"2026-06-01T20:01:25.903432Z","level":"info","event":"    insert_df_to_table_silver_layer(df, 'industry_product', year, quarter)","logger":"airflow.task.hooks.airflow.providers.standard.hooks.subprocess.SubprocessHook","filename":"subprocess.py","lineno":99}
{"timestamp":"2026-06-01T20:01:25.903547Z","level":"info","event":"UnboundLocalError: local variable 'quarter' referenced before assignment","logger":"airflow.task.hooks.airflow.providers.standard.hooks.subprocess.SubprocessHook","filename":"subprocess.py","lineno":99}
{"timestamp":"2026-06-01T20:01:26.019821Z","level":"info","event":"26/06/01 20:01:26 INFO SparkContext: Invoking stop() from shutdown hook","logger":"airflow.task.hooks.airflow.providers.standard.hooks.subprocess.SubprocessHook","filename":"subprocess.py","lineno":99}
{"timestamp":"2026-06-01T20:01:26.019969Z","level":"info","event":"26/06/01 20:01:26 INFO SparkContext: SparkContext is stopping with exitCode 0.","logger":"airflow.task.hooks.airflow.providers.standard.hooks.subprocess.SubprocessHook","filename":"subprocess.py","lineno":99}
{"timestamp":"2026-06-01T20:01:26.029525Z","level":"info","event":"26/06/01 20:01:26 INFO SparkUI: Stopped Spark web UI at http://800f3c5b8ab8:4040","logger":"airflow.task.hooks.airflow.providers.standard.hooks.subprocess.SubprocessHook","filename":"subprocess.py","lineno":99}
{"timestamp":"2026-06-01T20:01:26.047409Z","level":"info","event":"26/06/01 20:01:26 INFO MapOutputTrackerMasterEndpoint: MapOutputTrackerMasterEndpoint stopped!","logger":"airflow.task.hooks.airflow.providers.standard.hooks.subprocess.SubprocessHook","filename":"subprocess.py","lineno":99}
{"timestamp":"2026-06-01T20:01:26.063325Z","level":"info","event":"26/06/01 20:01:26 INFO MemoryStore: MemoryStore cleared","logger":"airflow.task.hooks.airflow.providers.standard.hooks.subprocess.SubprocessHook","filename":"subprocess.py","lineno":99}
{"timestamp":"2026-06-01T20:01:26.063583Z","level":"info","event":"26/06/01 20:01:26 INFO BlockManager: BlockManager stopped","logger":"airflow.task.hooks.airflow.providers.standard.hooks.subprocess.SubprocessHook","filename":"subprocess.py","lineno":99}
{"timestamp":"2026-06-01T20:01:26.072359Z","level":"info","event":"26/06/01 20:01:26 INFO BlockManagerMaster: BlockManagerMaster stopped","logger":"airflow.task.hooks.airflow.providers.standard.hooks.subprocess.SubprocessHook","filename":"subprocess.py","lineno":99}
{"timestamp":"2026-06-01T20:01:26.076339Z","level":"info","event":"26/06/01 20:01:26 INFO OutputCommitCoordinator$OutputCommitCoordinatorEndpoint: OutputCommitCoordinator stopped!","logger":"airflow.task.hooks.airflow.providers.standard.hooks.subprocess.SubprocessHook","filename":"subprocess.py","lineno":99}
{"timestamp":"2026-06-01T20:01:26.087864Z","level":"info","event":"26/06/01 20:01:26 INFO SparkContext: Successfully stopped SparkContext","logger":"airflow.task.hooks.airflow.providers.standard.hooks.subprocess.SubprocessHook","filename":"subprocess.py","lineno":99}
{"timestamp":"2026-06-01T20:01:26.088023Z","level":"info","event":"26/06/01 20:01:26 INFO ShutdownHookManager: Shutdown hook called","logger":"airflow.task.hooks.airflow.providers.standard.hooks.subprocess.SubprocessHook","filename":"subprocess.py","lineno":99}
{"timestamp":"2026-06-01T20:01:26.088385Z","level":"info","event":"26/06/01 20:01:26 INFO ShutdownHookManager: Deleting directory /tmp/spark-dc4f83e8-7fdd-4cc5-9fbc-ce8e0f370182","logger":"airflow.task.hooks.airflow.providers.standard.hooks.subprocess.SubprocessHook","filename":"subprocess.py","lineno":99}
{"timestamp":"2026-06-01T20:01:26.092381Z","level":"info","event":"26/06/01 20:01:26 INFO ShutdownHookManager: Deleting directory /tmp/spark-dc4f83e8-7fdd-4cc5-9fbc-ce8e0f370182/pyspark-e39b66b1-726f-46a8-a74a-893e7b6fcd9a","logger":"airflow.task.hooks.airflow.providers.standard.hooks.subprocess.SubprocessHook","filename":"subprocess.py","lineno":99}
{"timestamp":"2026-06-01T20:01:26.095346Z","level":"info","event":"26/06/01 20:01:26 INFO ShutdownHookManager: Deleting directory /tmp/spark-5b59e609-00c2-489b-9ec7-124305e674e9","logger":"airflow.task.hooks.airflow.providers.standard.hooks.subprocess.SubprocessHook","filename":"subprocess.py","lineno":99}
{"timestamp":"2026-06-01T20:01:26.103476Z","level":"info","event":"26/06/01 20:01:26 INFO MetricsSystemImpl: Stopping s3a-file-system metrics system...","logger":"airflow.task.hooks.airflow.providers.standard.hooks.subprocess.SubprocessHook","filename":"subprocess.py","lineno":99}
{"timestamp":"2026-06-01T20:01:26.103869Z","level":"info","event":"26/06/01 20:01:26 INFO MetricsSystemImpl: s3a-file-system metrics system stopped.","logger":"airflow.task.hooks.airflow.providers.standard.hooks.subprocess.SubprocessHook","filename":"subprocess.py","lineno":99}
{"timestamp":"2026-06-01T20:01:26.103971Z","level":"info","event":"26/06/01 20:01:26 INFO MetricsSystemImpl: s3a-file-system metrics system shutdown complete.","logger":"airflow.task.hooks.airflow.providers.standard.hooks.subprocess.SubprocessHook","filename":"subprocess.py","lineno":99}
{"timestamp":"2026-06-01T20:01:26.157609Z","level":"info","event":"Command exited with return code 1","logger":"airflow.task.hooks.airflow.providers.standard.hooks.subprocess.SubprocessHook","filename":"subprocess.py","lineno":103}
{"timestamp":"2026-06-01T20:01:26.158307Z","level":"error","event":"Task failed with exception","logger":"task","filename":"task_runner.py","lineno":1325,"error_detail":[{"exc_type":"AirflowException","exc_value":"Bash command failed. The command returned a non-zero exit code 1.","exc_notes":[],"syntax_error":null,"is_cause":false,"frames":[{"filename":"/home/airflow/.local/lib/python3.13/site-packages/airflow/sdk/execution_time/task_runner.py","lineno":1263,"name":"run"},{"filename":"/home/airflow/.local/lib/python3.13/site-packages/airflow/sdk/execution_time/task_runner.py","lineno":1678,"name":"_execute_task"},{"filename":"/home/airflow/.local/lib/python3.13/site-packages/airflow/sdk/bases/operator.py","lineno":443,"name":"wrapper"},{"filename":"/home/airflow/.local/lib/python3.13/site-packages/airflow/providers/standard/operators/bash.py","lineno":226,"name":"execute"}],"is_group":false,"exceptions":[]}]}
