{"timestamp":"2026-06-01T19:32:51.284899Z","level":"info","event":"DAG bundles loaded: dags-folder","logger":"airflow.dag_processing.bundles.manager.DagBundlesManager","filename":"manager.py","lineno":209}
{"timestamp":"2026-06-01T19:32:51.287685Z","level":"info","event":"Filling up the DagBag from /opt/airflow/dags/init_report_data_dag.py","logger":"airflow.dag_processing.dagbag.BundleDagBag","filename":"dagbag.py","lineno":469}
{"timestamp":"2026-06-01T19:32:51.492165Z","level":"warning","event":"The `airflow.operators.python.PythonOperator` attribute is deprecated. Please use `'airflow.providers.standard.operators.python.PythonOperator'`.","category":"UserWarning","filename":"/opt/airflow/dags/init_report_data_dag.py","lineno":2,"logger":"py.warnings"}
{"timestamp":"2026-06-01T19:32:51.492329Z","level":"warning","event":"The `airflow.operators.bash.BashOperator` attribute is deprecated. Please use `'airflow.providers.standard.operators.bash.BashOperator'`.","category":"UserWarning","filename":"/opt/airflow/dags/init_report_data_dag.py","lineno":3,"logger":"py.warnings"}
{"timestamp":"2026-06-01T19:32:51.515437Z","level":"info","event":"Lấy tên bài báo + link dẫn tới bài báo................................","logger":"task.stdout"}
{"timestamp":"2026-06-01T19:32:51.515979Z","level":"info","event":"Crawling Page: 1 ...........................","logger":"task.stdout"}
{"timestamp":"2026-06-01T19:32:52.719781Z","level":"warning","event":"Unverified HTTPS request is being made to host 'www.nso.gov.vn'. Adding certificate verification is strongly advised. See: https://urllib3.readthedocs.io/en/latest/advanced-usage.html#tls-warnings","category":"InsecureRequestWarning","filename":"/home/airflow/.local/lib/python3.13/site-packages/urllib3/connectionpool.py","lineno":1097,"logger":"py.warnings"}
{"timestamp":"2026-06-01T19:32:53.637549Z","level":"info","event":"Crawling Page: 2 ...........................","logger":"task.stdout"}
{"timestamp":"2026-06-01T19:32:53.722041Z","level":"warning","event":"Unverified HTTPS request is being made to host 'www.nso.gov.vn'. Adding certificate verification is strongly advised. See: https://urllib3.readthedocs.io/en/latest/advanced-usage.html#tls-warnings","category":"InsecureRequestWarning","filename":"/home/airflow/.local/lib/python3.13/site-packages/urllib3/connectionpool.py","lineno":1097,"logger":"py.warnings"}
{"timestamp":"2026-06-01T19:32:54.595093Z","level":"info","event":"vào bài báo tải file excel về ===========================================","logger":"task.stdout"}
{"timestamp":"2026-06-01T19:32:54.595751Z","level":"info","event":"báo cáo tình hình kinh tế - xã hội tháng tư và 4 tháng đầu năm 2026","logger":"task.stdout"}
{"timestamp":"2026-06-01T19:32:54.676838Z","level":"warning","event":"Unverified HTTPS request is being made to host 'www.nso.gov.vn'. Adding certificate verification is strongly advised. See: https://urllib3.readthedocs.io/en/latest/advanced-usage.html#tls-warnings","category":"InsecureRequestWarning","filename":"/home/airflow/.local/lib/python3.13/site-packages/urllib3/connectionpool.py","lineno":1097,"logger":"py.warnings"}
{"timestamp":"2026-06-01T19:32:55.542306Z","level":"info","event":"tmp title:  báo cáo tình hình kinh tế - xã hội tháng tư và 4 tháng đầu","logger":"task.stdout"}
{"timestamp":"2026-06-01T19:32:55.543182Z","level":"info","event":"2026 4","logger":"task.stdout"}
{"timestamp":"2026-06-01T19:32:55.546932Z","level":"info","event":"Bucket 'bronze' already exists","logger":"task.stdout"}
{"timestamp":"2026-06-01T19:32:55.626789Z","level":"warning","event":"Unverified HTTPS request is being made to host 'www.nso.gov.vn'. Adding certificate verification is strongly advised. See: https://urllib3.readthedocs.io/en/latest/advanced-usage.html#tls-warnings","category":"InsecureRequestWarning","filename":"/home/airflow/.local/lib/python3.13/site-packages/urllib3/connectionpool.py","lineno":1097,"logger":"py.warnings"}
{"timestamp":"2026-06-01T19:32:55.787014Z","level":"info","event":"Tạo file 02-Bieu-T4.2026.xlsx thành công","logger":"task.stdout"}
{"timestamp":"2026-06-01T19:32:55.788682Z","level":"info","event":"economic_report_excel_files/2026/4/02-Bieu-T4.2026.xlsx","logger":"task.stdout"}
{"timestamp":"2026-06-01T19:32:55.789009Z","level":"info","event":" bronze","logger":"task.stdout"}
{"timestamp":"2026-06-01T19:32:55.789344Z","level":"info","event":" /opt/airflow/tmp_data/02-Bieu-T4.2026.xlsx","logger":"task.stdout"}
{"timestamp":"2026-06-01T19:32:55.803735Z","level":"info","event":"SUCCESSFULLY LOAD DATA TO BRONZE LAYER !!!!!!!!!!!111","logger":"task.stdout"}
{"timestamp":"2026-06-01T19:32:55.804485Z","level":"info","event":"Xóa file tạm thành công","logger":"task.stdout"}
{"timestamp":"2026-06-01T19:32:55.804911Z","level":"info","event":"Đã hoàn tất tải file báo cáo lên bronze layer !!!!","logger":"task.stdout"}
{"timestamp":"2026-06-01T19:32:55.805286Z","level":"info","event":"báo cáo tình hình kinh tế - xã hội quý i năm 2026","logger":"task.stdout"}
{"timestamp":"2026-06-01T19:32:55.885583Z","level":"warning","event":"Unverified HTTPS request is being made to host 'www.nso.gov.vn'. Adding certificate verification is strongly advised. See: https://urllib3.readthedocs.io/en/latest/advanced-usage.html#tls-warnings","category":"InsecureRequestWarning","filename":"/home/airflow/.local/lib/python3.13/site-packages/urllib3/connectionpool.py","lineno":1097,"logger":"py.warnings"}
{"timestamp":"2026-06-01T19:32:56.864048Z","level":"info","event":"2026 3","logger":"task.stdout"}
{"timestamp":"2026-06-01T19:32:56.877449Z","level":"info","event":"Bucket 'bronze' already exists","logger":"task.stdout"}
{"timestamp":"2026-06-01T19:32:56.946258Z","level":"warning","event":"Unverified HTTPS request is being made to host 'www.nso.gov.vn'. Adding certificate verification is strongly advised. See: https://urllib3.readthedocs.io/en/latest/advanced-usage.html#tls-warnings","category":"InsecureRequestWarning","filename":"/home/airflow/.local/lib/python3.13/site-packages/urllib3/connectionpool.py","lineno":1097,"logger":"py.warnings"}
{"timestamp":"2026-06-01T19:32:57.102099Z","level":"info","event":"Tạo file 02.-Bieu-T3.2026-2.xlsx thành công","logger":"task.stdout"}
{"timestamp":"2026-06-01T19:32:57.102681Z","level":"info","event":"economic_report_excel_files/2026/3/02.-Bieu-T3.2026-2.xlsx","logger":"task.stdout"}
{"timestamp":"2026-06-01T19:32:57.102949Z","level":"info","event":" bronze","logger":"task.stdout"}
{"timestamp":"2026-06-01T19:32:57.103179Z","level":"info","event":" /opt/airflow/tmp_data/02.-Bieu-T3.2026-2.xlsx","logger":"task.stdout"}
{"timestamp":"2026-06-01T19:32:57.117986Z","level":"info","event":"SUCCESSFULLY LOAD DATA TO BRONZE LAYER !!!!!!!!!!!111","logger":"task.stdout"}
{"timestamp":"2026-06-01T19:32:57.118587Z","level":"info","event":"Xóa file tạm thành công","logger":"task.stdout"}
{"timestamp":"2026-06-01T19:32:57.119338Z","level":"info","event":"Đã hoàn tất tải file báo cáo lên bronze layer !!!!","logger":"task.stdout"}
{"timestamp":"2026-06-01T19:32:57.119640Z","level":"info","event":"báo cáo tình hình kinh tế - xã hội tháng hai năm 2026","logger":"task.stdout"}
{"timestamp":"2026-06-01T19:32:57.301398Z","level":"warning","event":"Unverified HTTPS request is being made to host 'www.nso.gov.vn'. Adding certificate verification is strongly advised. See: https://urllib3.readthedocs.io/en/latest/advanced-usage.html#tls-warnings","category":"InsecureRequestWarning","filename":"/home/airflow/.local/lib/python3.13/site-packages/urllib3/connectionpool.py","lineno":1097,"logger":"py.warnings"}
{"timestamp":"2026-06-01T19:32:58.231523Z","level":"info","event":"2026 2","logger":"task.stdout"}
{"timestamp":"2026-06-01T19:32:58.236281Z","level":"info","event":"Bucket 'bronze' already exists","logger":"task.stdout"}
{"timestamp":"2026-06-01T19:32:58.335035Z","level":"warning","event":"Unverified HTTPS request is being made to host 'www.nso.gov.vn'. Adding certificate verification is strongly advised. See: https://urllib3.readthedocs.io/en/latest/advanced-usage.html#tls-warnings","category":"InsecureRequestWarning","filename":"/home/airflow/.local/lib/python3.13/site-packages/urllib3/connectionpool.py","lineno":1097,"logger":"py.warnings"}
{"timestamp":"2026-06-01T19:32:58.503483Z","level":"info","event":"Tạo file 02.-Bieu-T2.xlsx thành công","logger":"task.stdout"}
{"timestamp":"2026-06-01T19:32:58.504020Z","level":"info","event":"economic_report_excel_files/2026/2/02.-Bieu-T2.xlsx","logger":"task.stdout"}
{"timestamp":"2026-06-01T19:32:58.504386Z","level":"info","event":" bronze","logger":"task.stdout"}
{"timestamp":"2026-06-01T19:32:58.504870Z","level":"info","event":" /opt/airflow/tmp_data/02.-Bieu-T2.xlsx","logger":"task.stdout"}
{"timestamp":"2026-06-01T19:32:58.519219Z","level":"info","event":"SUCCESSFULLY LOAD DATA TO BRONZE LAYER !!!!!!!!!!!111","logger":"task.stdout"}
{"timestamp":"2026-06-01T19:32:58.519994Z","level":"info","event":"Xóa file tạm thành công","logger":"task.stdout"}
{"timestamp":"2026-06-01T19:32:58.520352Z","level":"info","event":"Đã hoàn tất tải file báo cáo lên bronze layer !!!!","logger":"task.stdout"}
{"timestamp":"2026-06-01T19:32:58.520764Z","level":"info","event":"báo cáo tình hình kinh tế - xã hội tháng một năm 2026","logger":"task.stdout"}
{"timestamp":"2026-06-01T19:32:58.598454Z","level":"warning","event":"Unverified HTTPS request is being made to host 'www.nso.gov.vn'. Adding certificate verification is strongly advised. See: https://urllib3.readthedocs.io/en/latest/advanced-usage.html#tls-warnings","category":"InsecureRequestWarning","filename":"/home/airflow/.local/lib/python3.13/site-packages/urllib3/connectionpool.py","lineno":1097,"logger":"py.warnings"}
{"timestamp":"2026-06-01T19:32:59.613208Z","level":"info","event":"2026 1","logger":"task.stdout"}
{"timestamp":"2026-06-01T19:32:59.614307Z","level":"info","event":"Bucket 'bronze' already exists","logger":"task.stdout"}
{"timestamp":"2026-06-01T19:32:59.692900Z","level":"warning","event":"Unverified HTTPS request is being made to host 'www.nso.gov.vn'. Adding certificate verification is strongly advised. See: https://urllib3.readthedocs.io/en/latest/advanced-usage.html#tls-warnings","category":"InsecureRequestWarning","filename":"/home/airflow/.local/lib/python3.13/site-packages/urllib3/connectionpool.py","lineno":1097,"logger":"py.warnings"}
{"timestamp":"2026-06-01T19:32:59.851933Z","level":"info","event":"Tạo file 02.-Bieu-T1.2026.xlsx thành công","logger":"task.stdout"}
{"timestamp":"2026-06-01T19:32:59.852360Z","level":"info","event":"economic_report_excel_files/2026/1/02.-Bieu-T1.2026.xlsx","logger":"task.stdout"}
{"timestamp":"2026-06-01T19:32:59.852862Z","level":"info","event":" bronze","logger":"task.stdout"}
{"timestamp":"2026-06-01T19:32:59.853219Z","level":"info","event":" /opt/airflow/tmp_data/02.-Bieu-T1.2026.xlsx","logger":"task.stdout"}
{"timestamp":"2026-06-01T19:32:59.863711Z","level":"info","event":"SUCCESSFULLY LOAD DATA TO BRONZE LAYER !!!!!!!!!!!111","logger":"task.stdout"}
{"timestamp":"2026-06-01T19:32:59.864415Z","level":"info","event":"Xóa file tạm thành công","logger":"task.stdout"}
{"timestamp":"2026-06-01T19:32:59.864847Z","level":"info","event":"Đã hoàn tất tải file báo cáo lên bronze layer !!!!","logger":"task.stdout"}
{"timestamp":"2026-06-01T19:32:59.865233Z","level":"info","event":"báo cáo tình hình kinh tế - xã hội quý iv và năm 2025","logger":"task.stdout"}
{"timestamp":"2026-06-01T19:32:59.949968Z","level":"warning","event":"Unverified HTTPS request is being made to host 'www.nso.gov.vn'. Adding certificate verification is strongly advised. See: https://urllib3.readthedocs.io/en/latest/advanced-usage.html#tls-warnings","category":"InsecureRequestWarning","filename":"/home/airflow/.local/lib/python3.13/site-packages/urllib3/connectionpool.py","lineno":1097,"logger":"py.warnings"}
{"timestamp":"2026-06-01T19:33:00.860764Z","level":"info","event":"2025 12","logger":"task.stdout"}
{"timestamp":"2026-06-01T19:33:00.862293Z","level":"info","event":"Bucket 'bronze' already exists","logger":"task.stdout"}
{"timestamp":"2026-06-01T19:33:00.943896Z","level":"warning","event":"Unverified HTTPS request is being made to host 'www.nso.gov.vn'. Adding certificate verification is strongly advised. See: https://urllib3.readthedocs.io/en/latest/advanced-usage.html#tls-warnings","category":"InsecureRequestWarning","filename":"/home/airflow/.local/lib/python3.13/site-packages/urllib3/connectionpool.py","lineno":1097,"logger":"py.warnings"}
{"timestamp":"2026-06-01T19:33:01.106924Z","level":"info","event":"Tạo file 02.-Bieu-12.2025-4.xlsx thành công","logger":"task.stdout"}
{"timestamp":"2026-06-01T19:33:01.107517Z","level":"info","event":"economic_report_excel_files/2025/12/02.-Bieu-12.2025-4.xlsx","logger":"task.stdout"}
{"timestamp":"2026-06-01T19:33:01.108107Z","level":"info","event":" bronze","logger":"task.stdout"}
{"timestamp":"2026-06-01T19:33:01.108755Z","level":"info","event":" /opt/airflow/tmp_data/02.-Bieu-12.2025-4.xlsx","logger":"task.stdout"}
{"timestamp":"2026-06-01T19:33:01.123212Z","level":"info","event":"SUCCESSFULLY LOAD DATA TO BRONZE LAYER !!!!!!!!!!!111","logger":"task.stdout"}
{"timestamp":"2026-06-01T19:33:01.123866Z","level":"info","event":"Xóa file tạm thành công","logger":"task.stdout"}
{"timestamp":"2026-06-01T19:33:01.124560Z","level":"info","event":"Đã hoàn tất tải file báo cáo lên bronze layer !!!!","logger":"task.stdout"}
{"timestamp":"2026-06-01T19:33:01.125261Z","level":"info","event":"báo cáo tình hình kinh tế - xã hội tháng mười một và 11 tháng năm 2025","logger":"task.stdout"}
{"timestamp":"2026-06-01T19:33:01.212005Z","level":"warning","event":"Unverified HTTPS request is being made to host 'www.nso.gov.vn'. Adding certificate verification is strongly advised. See: https://urllib3.readthedocs.io/en/latest/advanced-usage.html#tls-warnings","category":"InsecureRequestWarning","filename":"/home/airflow/.local/lib/python3.13/site-packages/urllib3/connectionpool.py","lineno":1097,"logger":"py.warnings"}
{"timestamp":"2026-06-01T19:33:02.154081Z","level":"info","event":"2025 11","logger":"task.stdout"}
{"timestamp":"2026-06-01T19:33:02.165173Z","level":"info","event":"Bucket 'bronze' already exists","logger":"task.stdout"}
{"timestamp":"2026-06-01T19:33:03.374022Z","level":"warning","event":"Unverified HTTPS request is being made to host 'www.nso.gov.vn'. Adding certificate verification is strongly advised. See: https://urllib3.readthedocs.io/en/latest/advanced-usage.html#tls-warnings","category":"InsecureRequestWarning","filename":"/home/airflow/.local/lib/python3.13/site-packages/urllib3/connectionpool.py","lineno":1097,"logger":"py.warnings"}
{"timestamp":"2026-06-01T19:33:03.531999Z","level":"info","event":"Tạo file 2.-So-lieu-T11.2025.xlsx thành công","logger":"task.stdout"}
{"timestamp":"2026-06-01T19:33:03.532756Z","level":"info","event":"economic_report_excel_files/2025/11/2.-So-lieu-T11.2025.xlsx","logger":"task.stdout"}
{"timestamp":"2026-06-01T19:33:03.533532Z","level":"info","event":" bronze","logger":"task.stdout"}
{"timestamp":"2026-06-01T19:33:03.533973Z","level":"info","event":" /opt/airflow/tmp_data/2.-So-lieu-T11.2025.xlsx","logger":"task.stdout"}
{"timestamp":"2026-06-01T19:33:03.547560Z","level":"info","event":"SUCCESSFULLY LOAD DATA TO BRONZE LAYER !!!!!!!!!!!111","logger":"task.stdout"}
{"timestamp":"2026-06-01T19:33:03.548284Z","level":"info","event":"Xóa file tạm thành công","logger":"task.stdout"}
{"timestamp":"2026-06-01T19:33:03.548733Z","level":"info","event":"Đã hoàn tất tải file báo cáo lên bronze layer !!!!","logger":"task.stdout"}
{"timestamp":"2026-06-01T19:33:03.549066Z","level":"info","event":"báo cáo tình hình kinh tế - xã hội tháng mười và 10 tháng năm 2025","logger":"task.stdout"}
{"timestamp":"2026-06-01T19:33:03.638158Z","level":"warning","event":"Unverified HTTPS request is being made to host 'www.nso.gov.vn'. Adding certificate verification is strongly advised. See: https://urllib3.readthedocs.io/en/latest/advanced-usage.html#tls-warnings","category":"InsecureRequestWarning","filename":"/home/airflow/.local/lib/python3.13/site-packages/urllib3/connectionpool.py","lineno":1097,"logger":"py.warnings"}
{"timestamp":"2026-06-01T19:33:04.509768Z","level":"info","event":"2025 10","logger":"task.stdout"}
{"timestamp":"2026-06-01T19:33:04.511158Z","level":"info","event":"Bucket 'bronze' already exists","logger":"task.stdout"}
{"timestamp":"2026-06-01T19:33:04.596755Z","level":"warning","event":"Unverified HTTPS request is being made to host 'www.nso.gov.vn'. Adding certificate verification is strongly advised. See: https://urllib3.readthedocs.io/en/latest/advanced-usage.html#tls-warnings","category":"InsecureRequestWarning","filename":"/home/airflow/.local/lib/python3.13/site-packages/urllib3/connectionpool.py","lineno":1097,"logger":"py.warnings"}
{"timestamp":"2026-06-01T19:33:04.748421Z","level":"info","event":"Tạo file 02.-So-lieu-T10.2025.xlsx thành công","logger":"task.stdout"}
{"timestamp":"2026-06-01T19:33:04.748982Z","level":"info","event":"economic_report_excel_files/2025/10/02.-So-lieu-T10.2025.xlsx","logger":"task.stdout"}
{"timestamp":"2026-06-01T19:33:04.749586Z","level":"info","event":" bronze","logger":"task.stdout"}
{"timestamp":"2026-06-01T19:33:04.750034Z","level":"info","event":" /opt/airflow/tmp_data/02.-So-lieu-T10.2025.xlsx","logger":"task.stdout"}
{"timestamp":"2026-06-01T19:33:04.759514Z","level":"info","event":"SUCCESSFULLY LOAD DATA TO BRONZE LAYER !!!!!!!!!!!111","logger":"task.stdout"}
{"timestamp":"2026-06-01T19:33:04.760219Z","level":"info","event":"Xóa file tạm thành công","logger":"task.stdout"}
{"timestamp":"2026-06-01T19:33:04.760676Z","level":"info","event":"Đã hoàn tất tải file báo cáo lên bronze layer !!!!","logger":"task.stdout"}
{"timestamp":"2026-06-01T19:33:04.761209Z","level":"info","event":"báo cáo tình hình kinh tế - xã hội quý iii và 9 tháng năm 2025","logger":"task.stdout"}
{"timestamp":"2026-06-01T19:33:04.840986Z","level":"warning","event":"Unverified HTTPS request is being made to host 'www.nso.gov.vn'. Adding certificate verification is strongly advised. See: https://urllib3.readthedocs.io/en/latest/advanced-usage.html#tls-warnings","category":"InsecureRequestWarning","filename":"/home/airflow/.local/lib/python3.13/site-packages/urllib3/connectionpool.py","lineno":1097,"logger":"py.warnings"}
{"timestamp":"2026-06-01T19:33:05.698347Z","level":"info","event":"2025 9","logger":"task.stdout"}
{"timestamp":"2026-06-01T19:33:05.699543Z","level":"info","event":"Bucket 'bronze' already exists","logger":"task.stdout"}
{"timestamp":"2026-06-01T19:33:05.784157Z","level":"warning","event":"Unverified HTTPS request is being made to host 'www.nso.gov.vn'. Adding certificate verification is strongly advised. See: https://urllib3.readthedocs.io/en/latest/advanced-usage.html#tls-warnings","category":"InsecureRequestWarning","filename":"/home/airflow/.local/lib/python3.13/site-packages/urllib3/connectionpool.py","lineno":1097,"logger":"py.warnings"}
{"timestamp":"2026-06-01T19:33:05.942572Z","level":"info","event":"Tạo file 02.-Bieu-T9.2025-final.xlsx thành công","logger":"task.stdout"}
{"timestamp":"2026-06-01T19:33:05.943081Z","level":"info","event":"economic_report_excel_files/2025/9/02.-Bieu-T9.2025-final.xlsx","logger":"task.stdout"}
{"timestamp":"2026-06-01T19:33:05.943385Z","level":"info","event":" bronze","logger":"task.stdout"}
{"timestamp":"2026-06-01T19:33:05.943615Z","level":"info","event":" /opt/airflow/tmp_data/02.-Bieu-T9.2025-final.xlsx","logger":"task.stdout"}
{"timestamp":"2026-06-01T19:33:05.959727Z","level":"info","event":"SUCCESSFULLY LOAD DATA TO BRONZE LAYER !!!!!!!!!!!111","logger":"task.stdout"}
{"timestamp":"2026-06-01T19:33:05.960485Z","level":"info","event":"Xóa file tạm thành công","logger":"task.stdout"}
{"timestamp":"2026-06-01T19:33:05.961052Z","level":"info","event":"Đã hoàn tất tải file báo cáo lên bronze layer !!!!","logger":"task.stdout"}
{"timestamp":"2026-06-01T19:33:05.961492Z","level":"info","event":"báo cáo tình hình kinh tế - xã hội tháng tám và 8 tháng năm 2025","logger":"task.stdout"}
{"timestamp":"2026-06-01T19:33:06.041111Z","level":"warning","event":"Unverified HTTPS request is being made to host 'www.nso.gov.vn'. Adding certificate verification is strongly advised. See: https://urllib3.readthedocs.io/en/latest/advanced-usage.html#tls-warnings","category":"InsecureRequestWarning","filename":"/home/airflow/.local/lib/python3.13/site-packages/urllib3/connectionpool.py","lineno":1097,"logger":"py.warnings"}
{"timestamp":"2026-06-01T19:33:06.896616Z","level":"info","event":"2025 8","logger":"task.stdout"}
{"timestamp":"2026-06-01T19:33:06.897705Z","level":"info","event":"Bucket 'bronze' already exists","logger":"task.stdout"}
{"timestamp":"2026-06-01T19:33:06.977233Z","level":"warning","event":"Unverified HTTPS request is being made to host 'www.nso.gov.vn'. Adding certificate verification is strongly advised. See: https://urllib3.readthedocs.io/en/latest/advanced-usage.html#tls-warnings","category":"InsecureRequestWarning","filename":"/home/airflow/.local/lib/python3.13/site-packages/urllib3/connectionpool.py","lineno":1097,"logger":"py.warnings"}
{"timestamp":"2026-06-01T19:33:07.135123Z","level":"info","event":"Tạo file 02-So-lieu-T8.2025.xlsx thành công","logger":"task.stdout"}
{"timestamp":"2026-06-01T19:33:07.135675Z","level":"info","event":"economic_report_excel_files/2025/8/02-So-lieu-T8.2025.xlsx","logger":"task.stdout"}
{"timestamp":"2026-06-01T19:33:07.135950Z","level":"info","event":" bronze","logger":"task.stdout"}
{"timestamp":"2026-06-01T19:33:07.136211Z","level":"info","event":" /opt/airflow/tmp_data/02-So-lieu-T8.2025.xlsx","logger":"task.stdout"}
{"timestamp":"2026-06-01T19:33:07.149985Z","level":"info","event":"SUCCESSFULLY LOAD DATA TO BRONZE LAYER !!!!!!!!!!!111","logger":"task.stdout"}
{"timestamp":"2026-06-01T19:33:07.150763Z","level":"info","event":"Xóa file tạm thành công","logger":"task.stdout"}
{"timestamp":"2026-06-01T19:33:07.152293Z","level":"info","event":"Đã hoàn tất tải file báo cáo lên bronze layer !!!!","logger":"task.stdout"}
{"timestamp":"2026-06-01T19:33:07.152715Z","level":"info","event":"báo cáo tình hình kinh tế - xã hội tháng bảy và 7 tháng năm 2025","logger":"task.stdout"}
{"timestamp":"2026-06-01T19:33:07.230857Z","level":"warning","event":"Unverified HTTPS request is being made to host 'www.nso.gov.vn'. Adding certificate verification is strongly advised. See: https://urllib3.readthedocs.io/en/latest/advanced-usage.html#tls-warnings","category":"InsecureRequestWarning","filename":"/home/airflow/.local/lib/python3.13/site-packages/urllib3/connectionpool.py","lineno":1097,"logger":"py.warnings"}
{"timestamp":"2026-06-01T19:33:08.060949Z","level":"info","event":"2025 7","logger":"task.stdout"}
{"timestamp":"2026-06-01T19:33:08.062110Z","level":"info","event":"Bucket 'bronze' already exists","logger":"task.stdout"}
{"timestamp":"2026-06-01T19:33:08.236773Z","level":"warning","event":"Unverified HTTPS request is being made to host 'www.nso.gov.vn'. Adding certificate verification is strongly advised. See: https://urllib3.readthedocs.io/en/latest/advanced-usage.html#tls-warnings","category":"InsecureRequestWarning","filename":"/home/airflow/.local/lib/python3.13/site-packages/urllib3/connectionpool.py","lineno":1097,"logger":"py.warnings"}
{"timestamp":"2026-06-01T19:33:08.397894Z","level":"info","event":"Tạo file 02-Bieu-T7.2025-final.xlsx thành công","logger":"task.stdout"}
{"timestamp":"2026-06-01T19:33:08.398396Z","level":"info","event":"economic_report_excel_files/2025/7/02-Bieu-T7.2025-final.xlsx","logger":"task.stdout"}
{"timestamp":"2026-06-01T19:33:08.398661Z","level":"info","event":" bronze","logger":"task.stdout"}
{"timestamp":"2026-06-01T19:33:08.398961Z","level":"info","event":" /opt/airflow/tmp_data/02-Bieu-T7.2025-final.xlsx","logger":"task.stdout"}
{"timestamp":"2026-06-01T19:33:08.412616Z","level":"info","event":"SUCCESSFULLY LOAD DATA TO BRONZE LAYER !!!!!!!!!!!111","logger":"task.stdout"}
{"timestamp":"2026-06-01T19:33:08.413232Z","level":"info","event":"Xóa file tạm thành công","logger":"task.stdout"}
{"timestamp":"2026-06-01T19:33:08.413751Z","level":"info","event":"Đã hoàn tất tải file báo cáo lên bronze layer !!!!","logger":"task.stdout"}
{"timestamp":"2026-06-01T19:33:08.414086Z","level":"info","event":"báo cáo tình hình kinh tế – xã hội quý ii và 6 tháng đầu năm 2025","logger":"task.stdout"}
{"timestamp":"2026-06-01T19:33:08.512550Z","level":"warning","event":"Unverified HTTPS request is being made to host 'www.nso.gov.vn'. Adding certificate verification is strongly advised. See: https://urllib3.readthedocs.io/en/latest/advanced-usage.html#tls-warnings","category":"InsecureRequestWarning","filename":"/home/airflow/.local/lib/python3.13/site-packages/urllib3/connectionpool.py","lineno":1097,"logger":"py.warnings"}
{"timestamp":"2026-06-01T19:33:09.410874Z","level":"info","event":"2025 6","logger":"task.stdout"}
{"timestamp":"2026-06-01T19:33:09.412434Z","level":"info","event":"Bucket 'bronze' already exists","logger":"task.stdout"}
{"timestamp":"2026-06-01T19:33:09.496110Z","level":"warning","event":"Unverified HTTPS request is being made to host 'www.nso.gov.vn'. Adding certificate verification is strongly advised. See: https://urllib3.readthedocs.io/en/latest/advanced-usage.html#tls-warnings","category":"InsecureRequestWarning","filename":"/home/airflow/.local/lib/python3.13/site-packages/urllib3/connectionpool.py","lineno":1097,"logger":"py.warnings"}
{"timestamp":"2026-06-01T19:33:09.655964Z","level":"info","event":"Tạo file 2.-So-lieu-6-thang-2025.xlsx thành công","logger":"task.stdout"}
{"timestamp":"2026-06-01T19:33:09.656482Z","level":"info","event":"economic_report_excel_files/2025/6/2.-So-lieu-6-thang-2025.xlsx","logger":"task.stdout"}
{"timestamp":"2026-06-01T19:33:09.656748Z","level":"info","event":" bronze","logger":"task.stdout"}
{"timestamp":"2026-06-01T19:33:09.656982Z","level":"info","event":" /opt/airflow/tmp_data/2.-So-lieu-6-thang-2025.xlsx","logger":"task.stdout"}
{"timestamp":"2026-06-01T19:33:09.675196Z","level":"info","event":"SUCCESSFULLY LOAD DATA TO BRONZE LAYER !!!!!!!!!!!111","logger":"task.stdout"}
{"timestamp":"2026-06-01T19:33:09.676026Z","level":"info","event":"Xóa file tạm thành công","logger":"task.stdout"}
{"timestamp":"2026-06-01T19:33:09.676755Z","level":"info","event":"Đã hoàn tất tải file báo cáo lên bronze layer !!!!","logger":"task.stdout"}
{"timestamp":"2026-06-01T19:33:09.677104Z","level":"info","event":"báo cáo tình hình kinh tế - xã hội tháng năm và 5 tháng đầu năm 2025","logger":"task.stdout"}
{"timestamp":"2026-06-01T19:33:09.758243Z","level":"warning","event":"Unverified HTTPS request is being made to host 'www.nso.gov.vn'. Adding certificate verification is strongly advised. See: https://urllib3.readthedocs.io/en/latest/advanced-usage.html#tls-warnings","category":"InsecureRequestWarning","filename":"/home/airflow/.local/lib/python3.13/site-packages/urllib3/connectionpool.py","lineno":1097,"logger":"py.warnings"}
{"timestamp":"2026-06-01T19:33:10.593371Z","level":"info","event":"2025 5","logger":"task.stdout"}
{"timestamp":"2026-06-01T19:33:10.598202Z","level":"info","event":"Bucket 'bronze' already exists","logger":"task.stdout"}
{"timestamp":"2026-06-01T19:33:10.680889Z","level":"warning","event":"Unverified HTTPS request is being made to host 'www.nso.gov.vn'. Adding certificate verification is strongly advised. See: https://urllib3.readthedocs.io/en/latest/advanced-usage.html#tls-warnings","category":"InsecureRequestWarning","filename":"/home/airflow/.local/lib/python3.13/site-packages/urllib3/connectionpool.py","lineno":1097,"logger":"py.warnings"}
{"timestamp":"2026-06-01T19:33:10.831955Z","level":"info","event":"Tạo file 2.-Bieu-thang-5.2025.xlsx thành công","logger":"task.stdout"}
{"timestamp":"2026-06-01T19:33:10.832898Z","level":"info","event":"economic_report_excel_files/2025/5/2.-Bieu-thang-5.2025.xlsx","logger":"task.stdout"}
{"timestamp":"2026-06-01T19:33:10.833477Z","level":"info","event":" bronze","logger":"task.stdout"}
{"timestamp":"2026-06-01T19:33:10.834187Z","level":"info","event":" /opt/airflow/tmp_data/2.-Bieu-thang-5.2025.xlsx","logger":"task.stdout"}
{"timestamp":"2026-06-01T19:33:10.849448Z","level":"info","event":"SUCCESSFULLY LOAD DATA TO BRONZE LAYER !!!!!!!!!!!111","logger":"task.stdout"}
{"timestamp":"2026-06-01T19:33:10.850116Z","level":"info","event":"Xóa file tạm thành công","logger":"task.stdout"}
{"timestamp":"2026-06-01T19:33:10.850542Z","level":"info","event":"Đã hoàn tất tải file báo cáo lên bronze layer !!!!","logger":"task.stdout"}
{"timestamp":"2026-06-01T19:33:10.851124Z","level":"info","event":"báo cáo tình hình kinh tế - xã hội tháng tư và 4 tháng đầu năm 2025","logger":"task.stdout"}
{"timestamp":"2026-06-01T19:33:10.942477Z","level":"warning","event":"Unverified HTTPS request is being made to host 'www.nso.gov.vn'. Adding certificate verification is strongly advised. See: https://urllib3.readthedocs.io/en/latest/advanced-usage.html#tls-warnings","category":"InsecureRequestWarning","filename":"/home/airflow/.local/lib/python3.13/site-packages/urllib3/connectionpool.py","lineno":1097,"logger":"py.warnings"}
{"timestamp":"2026-06-01T19:33:11.830577Z","level":"info","event":"2025 4","logger":"task.stdout"}
{"timestamp":"2026-06-01T19:33:11.832420Z","level":"info","event":"Bucket 'bronze' already exists","logger":"task.stdout"}
{"timestamp":"2026-06-01T19:33:11.917362Z","level":"warning","event":"Unverified HTTPS request is being made to host 'www.nso.gov.vn'. Adding certificate verification is strongly advised. See: https://urllib3.readthedocs.io/en/latest/advanced-usage.html#tls-warnings","category":"InsecureRequestWarning","filename":"/home/airflow/.local/lib/python3.13/site-packages/urllib3/connectionpool.py","lineno":1097,"logger":"py.warnings"}
{"timestamp":"2026-06-01T19:33:12.082971Z","level":"info","event":"Tạo file 02-Bieu-T4.2025-final.xlsx thành công","logger":"task.stdout"}
{"timestamp":"2026-06-01T19:33:12.083519Z","level":"info","event":"economic_report_excel_files/2025/4/02-Bieu-T4.2025-final.xlsx","logger":"task.stdout"}
{"timestamp":"2026-06-01T19:33:12.083870Z","level":"info","event":" bronze","logger":"task.stdout"}
{"timestamp":"2026-06-01T19:33:12.084185Z","level":"info","event":" /opt/airflow/tmp_data/02-Bieu-T4.2025-final.xlsx","logger":"task.stdout"}
{"timestamp":"2026-06-01T19:33:12.097744Z","level":"info","event":"SUCCESSFULLY LOAD DATA TO BRONZE LAYER !!!!!!!!!!!111","logger":"task.stdout"}
{"timestamp":"2026-06-01T19:33:12.098643Z","level":"info","event":"Xóa file tạm thành công","logger":"task.stdout"}
{"timestamp":"2026-06-01T19:33:12.099165Z","level":"info","event":"Đã hoàn tất tải file báo cáo lên bronze layer !!!!","logger":"task.stdout"}
{"timestamp":"2026-06-01T19:33:12.099639Z","level":"info","event":"báo cáo tình hình kinh tế - xã hội quý i năm 2025","logger":"task.stdout"}
{"timestamp":"2026-06-01T19:33:12.180034Z","level":"warning","event":"Unverified HTTPS request is being made to host 'www.nso.gov.vn'. Adding certificate verification is strongly advised. See: https://urllib3.readthedocs.io/en/latest/advanced-usage.html#tls-warnings","category":"InsecureRequestWarning","filename":"/home/airflow/.local/lib/python3.13/site-packages/urllib3/connectionpool.py","lineno":1097,"logger":"py.warnings"}
{"timestamp":"2026-06-01T19:33:13.181681Z","level":"info","event":"2025 3","logger":"task.stdout"}
{"timestamp":"2026-06-01T19:33:13.197740Z","level":"info","event":"Bucket 'bronze' already exists","logger":"task.stdout"}
{"timestamp":"2026-06-01T19:33:14.378364Z","level":"warning","event":"Unverified HTTPS request is being made to host 'www.nso.gov.vn'. Adding certificate verification is strongly advised. See: https://urllib3.readthedocs.io/en/latest/advanced-usage.html#tls-warnings","category":"InsecureRequestWarning","filename":"/home/airflow/.local/lib/python3.13/site-packages/urllib3/connectionpool.py","lineno":1097,"logger":"py.warnings"}
{"timestamp":"2026-06-01T19:33:14.516508Z","level":"info","event":"Tạo file 02-Bieu-T3.2025-final.xlsx thành công","logger":"task.stdout"}
{"timestamp":"2026-06-01T19:33:14.517138Z","level":"info","event":"economic_report_excel_files/2025/3/02-Bieu-T3.2025-final.xlsx","logger":"task.stdout"}
{"timestamp":"2026-06-01T19:33:14.519180Z","level":"info","event":" bronze","logger":"task.stdout"}
{"timestamp":"2026-06-01T19:33:14.519513Z","level":"info","event":" /opt/airflow/tmp_data/02-Bieu-T3.2025-final.xlsx","logger":"task.stdout"}
{"timestamp":"2026-06-01T19:33:14.529393Z","level":"info","event":"SUCCESSFULLY LOAD DATA TO BRONZE LAYER !!!!!!!!!!!111","logger":"task.stdout"}
{"timestamp":"2026-06-01T19:33:14.530148Z","level":"info","event":"Xóa file tạm thành công","logger":"task.stdout"}
{"timestamp":"2026-06-01T19:33:14.530691Z","level":"info","event":"Đã hoàn tất tải file báo cáo lên bronze layer !!!!","logger":"task.stdout"}
{"timestamp":"2026-06-01T19:33:14.531326Z","level":"info","event":"báo cáo tình hình kinh tế - xã hội tháng hai và 02 tháng đầu năm 2025","logger":"task.stdout"}
{"timestamp":"2026-06-01T19:33:14.622462Z","level":"warning","event":"Unverified HTTPS request is being made to host 'www.nso.gov.vn'. Adding certificate verification is strongly advised. See: https://urllib3.readthedocs.io/en/latest/advanced-usage.html#tls-warnings","category":"InsecureRequestWarning","filename":"/home/airflow/.local/lib/python3.13/site-packages/urllib3/connectionpool.py","lineno":1097,"logger":"py.warnings"}
{"timestamp":"2026-06-01T19:33:15.563565Z","level":"info","event":"2025 2","logger":"task.stdout"}
{"timestamp":"2026-06-01T19:33:15.565489Z","level":"info","event":"Bucket 'bronze' already exists","logger":"task.stdout"}
{"timestamp":"2026-06-01T19:33:15.645212Z","level":"warning","event":"Unverified HTTPS request is being made to host 'www.nso.gov.vn'. Adding certificate verification is strongly advised. See: https://urllib3.readthedocs.io/en/latest/advanced-usage.html#tls-warnings","category":"InsecureRequestWarning","filename":"/home/airflow/.local/lib/python3.13/site-packages/urllib3/connectionpool.py","lineno":1097,"logger":"py.warnings"}
{"timestamp":"2026-06-01T19:33:15.775517Z","level":"info","event":"Tạo file Bieu-T2.2025-2.xlsx thành công","logger":"task.stdout"}
{"timestamp":"2026-06-01T19:33:15.775953Z","level":"info","event":"economic_report_excel_files/2025/2/Bieu-T2.2025-2.xlsx","logger":"task.stdout"}
{"timestamp":"2026-06-01T19:33:15.776345Z","level":"info","event":" bronze","logger":"task.stdout"}
{"timestamp":"2026-06-01T19:33:15.776632Z","level":"info","event":" /opt/airflow/tmp_data/Bieu-T2.2025-2.xlsx","logger":"task.stdout"}
{"timestamp":"2026-06-01T19:33:15.785945Z","level":"info","event":"SUCCESSFULLY LOAD DATA TO BRONZE LAYER !!!!!!!!!!!111","logger":"task.stdout"}
{"timestamp":"2026-06-01T19:33:15.786543Z","level":"info","event":"Xóa file tạm thành công","logger":"task.stdout"}
{"timestamp":"2026-06-01T19:33:15.787003Z","level":"info","event":"Đã hoàn tất tải file báo cáo lên bronze layer !!!!","logger":"task.stdout"}
{"timestamp":"2026-06-01T19:33:15.787466Z","level":"info","event":"báo cáo tình hình kinh tế - xã hội tháng một năm 2025","logger":"task.stdout"}
{"timestamp":"2026-06-01T19:33:15.863924Z","level":"warning","event":"Unverified HTTPS request is being made to host 'www.nso.gov.vn'. Adding certificate verification is strongly advised. See: https://urllib3.readthedocs.io/en/latest/advanced-usage.html#tls-warnings","category":"InsecureRequestWarning","filename":"/home/airflow/.local/lib/python3.13/site-packages/urllib3/connectionpool.py","lineno":1097,"logger":"py.warnings"}
{"timestamp":"2026-06-01T19:33:16.741865Z","level":"info","event":"2025 1","logger":"task.stdout"}
{"timestamp":"2026-06-01T19:33:16.743312Z","level":"info","event":"Bucket 'bronze' already exists","logger":"task.stdout"}
{"timestamp":"2026-06-01T19:33:16.829739Z","level":"warning","event":"Unverified HTTPS request is being made to host 'www.nso.gov.vn'. Adding certificate verification is strongly advised. See: https://urllib3.readthedocs.io/en/latest/advanced-usage.html#tls-warnings","category":"InsecureRequestWarning","filename":"/home/airflow/.local/lib/python3.13/site-packages/urllib3/connectionpool.py","lineno":1097,"logger":"py.warnings"}
{"timestamp":"2026-06-01T19:33:16.963979Z","level":"info","event":"Tạo file 02-Bieu-T01.2025-2.xlsx thành công","logger":"task.stdout"}
{"timestamp":"2026-06-01T19:33:16.964654Z","level":"info","event":"economic_report_excel_files/2025/1/02-Bieu-T01.2025-2.xlsx","logger":"task.stdout"}
{"timestamp":"2026-06-01T19:33:16.965200Z","level":"info","event":" bronze","logger":"task.stdout"}
{"timestamp":"2026-06-01T19:33:16.965589Z","level":"info","event":" /opt/airflow/tmp_data/02-Bieu-T01.2025-2.xlsx","logger":"task.stdout"}
{"timestamp":"2026-06-01T19:33:16.973319Z","level":"info","event":"SUCCESSFULLY LOAD DATA TO BRONZE LAYER !!!!!!!!!!!111","logger":"task.stdout"}
{"timestamp":"2026-06-01T19:33:16.974031Z","level":"info","event":"Xóa file tạm thành công","logger":"task.stdout"}
{"timestamp":"2026-06-01T19:33:16.974525Z","level":"info","event":"Đã hoàn tất tải file báo cáo lên bronze layer !!!!","logger":"task.stdout"}
{"timestamp":"2026-06-01T19:33:16.975801Z","level":"info","event":"Done. Returned value was: None","logger":"airflow.task.operators.airflow.providers.standard.operators.python.PythonOperator","filename":"python.py","lineno":229}
